
===========================================================================
report_checks -unconstrained
===========================================================================
======================= Fastest Corner ===================================

Startpoint: m_ready (input port clocked by clk)
Endpoint: _6478_ (rising edge-triggered flip-flop clocked by clk)
Path Group: clk
Path Type: max
Corner: Fastest

Fanout     Cap    Slew   Delay    Time   Description
-----------------------------------------------------------------------------
                          0.00    0.00   clock clk (rise edge)
                          0.00    0.00   clock network delay (propagated)
                          8.00    8.00 ^ input external delay
     1    0.00    0.01    0.01    8.01 ^ m_ready (in)
                                         m_ready (net)
                  0.01    0.00    8.01 ^ input76/A (sky130_fd_sc_hd__buf_2)
     6    0.05    0.19    0.18    8.19 ^ input76/X (sky130_fd_sc_hd__buf_2)
                                         net76 (net)
                  0.19    0.01    8.20 ^ _3195_/C (sky130_fd_sc_hd__nand3_4)
    18    0.08    0.18    0.16    8.36 v _3195_/Y (sky130_fd_sc_hd__nand3_4)
                                         _0885_ (net)
                  0.18    0.00    8.36 v _3381_/B (sky130_fd_sc_hd__nor2_2)
     6    0.05    0.39    0.37    8.73 ^ _3381_/Y (sky130_fd_sc_hd__nor2_2)
                                         _1066_ (net)
                  0.39    0.00    8.74 ^ _3382_/C1 (sky130_fd_sc_hd__o2111ai_4)
     3    0.02    0.12    0.10    8.84 v _3382_/Y (sky130_fd_sc_hd__o2111ai_4)
                                         _1067_ (net)
                  0.12    0.00    8.84 v _3388_/B (sky130_fd_sc_hd__nor2_2)
     6    0.05    0.36    0.32    9.16 ^ _3388_/Y (sky130_fd_sc_hd__nor2_2)
                                         _1073_ (net)
                  0.36    0.01    9.17 ^ _3453_/A (sky130_fd_sc_hd__clkbuf_4)
    20    0.06    0.14    0.23    9.40 ^ _3453_/X (sky130_fd_sc_hd__clkbuf_4)
                                         _1127_ (net)
                  0.14    0.01    9.41 ^ _3460_/A (sky130_fd_sc_hd__buf_4)
    20    0.11    0.24    0.24    9.64 ^ _3460_/X (sky130_fd_sc_hd__buf_4)
                                         _1133_ (net)
                  0.24    0.04    9.68 ^ _5729_/A1 (sky130_fd_sc_hd__o21ai_1)
     2    0.01    0.08    0.09    9.77 v _5729_/Y (sky130_fd_sc_hd__o21ai_1)
                                         _2832_ (net)
                  0.08    0.00    9.77 v _5730_/B1 (sky130_fd_sc_hd__a22o_1)
     1    0.00    0.02    0.10    9.87 v _5730_/X (sky130_fd_sc_hd__a22o_1)
                                         _0588_ (net)
                  0.02    0.00    9.87 v hold134/A (sky130_fd_sc_hd__dlygate4sd3_1)
     1    0.00    0.04    0.38   10.25 v hold134/X (sky130_fd_sc_hd__dlygate4sd3_1)
                                         net327 (net)
                  0.04    0.00   10.25 v _6478_/D (sky130_fd_sc_hd__dfxtp_1)
                                 10.25   data arrival time

                         40.00   40.00   clock clk (rise edge)
                          0.00   40.00   clock source latency
     2    0.05    0.17    0.11   40.11 ^ clk (in)
                                         clk (net)
                  0.17    0.00   40.11 ^ clkbuf_0_clk/A (sky130_fd_sc_hd__clkbuf_16)
    16    0.20    0.16    0.19   40.31 ^ clkbuf_0_clk/X (sky130_fd_sc_hd__clkbuf_16)
                                         clknet_0_clk (net)
                  0.16    0.01   40.32 ^ clkbuf_3_0__f_clk/A (sky130_fd_sc_hd__clkbuf_16)
    20    0.13    0.11    0.16   40.49 ^ clkbuf_3_0__f_clk/X (sky130_fd_sc_hd__clkbuf_16)
                                         clknet_3_0__leaf_clk (net)
                  0.11    0.01   40.49 ^ clkbuf_leaf_75_clk/A (sky130_fd_sc_hd__clkbuf_8)
     7    0.03    0.05    0.11   40.60 ^ clkbuf_leaf_75_clk/X (sky130_fd_sc_hd__clkbuf_8)
                                         clknet_leaf_75_clk (net)
                  0.05    0.00   40.61 ^ _6478_/CLK (sky130_fd_sc_hd__dfxtp_1)
                         -0.25   40.36   clock uncertainty
                          0.00   40.36   clock reconvergence pessimism
                         -0.07   40.28   library setup time
                                 40.28   data required time
-----------------------------------------------------------------------------
                                 40.28   data required time
                                -10.25   data arrival time
-----------------------------------------------------------------------------
                                 30.04   slack (MET)



======================= Slowest Corner ===================================

Startpoint: _5950_ (rising edge-triggered flip-flop clocked by clk)
Endpoint: _5978_ (rising edge-triggered flip-flop clocked by clk)
Path Group: clk
Path Type: max
Corner: Slowest

Fanout     Cap    Slew   Delay    Time   Description
-----------------------------------------------------------------------------
                          0.00    0.00   clock clk (rise edge)
                          0.00    0.00   clock source latency
     2    0.05    0.36    0.27    0.27 ^ clk (in)
                                         clk (net)
                  0.36    0.00    0.27 ^ clkbuf_0_clk/A (sky130_fd_sc_hd__clkbuf_16)
    16    0.20    0.31    0.57    0.84 ^ clkbuf_0_clk/X (sky130_fd_sc_hd__clkbuf_16)
                                         clknet_0_clk (net)
                  0.31    0.01    0.85 ^ clkbuf_3_0__f_clk/A (sky130_fd_sc_hd__clkbuf_16)
    20    0.13    0.22    0.47    1.32 ^ clkbuf_3_0__f_clk/X (sky130_fd_sc_hd__clkbuf_16)
                                         clknet_3_0__leaf_clk (net)
                  0.22    0.01    1.33 ^ clkbuf_leaf_81_clk/A (sky130_fd_sc_hd__clkbuf_8)
     8    0.03    0.11    0.34    1.67 ^ clkbuf_leaf_81_clk/X (sky130_fd_sc_hd__clkbuf_8)
                                         clknet_leaf_81_clk (net)
                  0.11    0.00    1.67 ^ _5950_/CLK (sky130_fd_sc_hd__dfxtp_2)
    19    0.06    0.27    0.86    2.53 v _5950_/Q (sky130_fd_sc_hd__dfxtp_2)
                                         remaining_write[2] (net)
                  0.27    0.01    2.54 v _3765_/A (sky130_fd_sc_hd__or4_2)
     5    0.02    0.31    1.89    4.42 v _3765_/X (sky130_fd_sc_hd__or4_2)
                                         _1388_ (net)
                  0.31    0.00    4.42 v _3786_/D (sky130_fd_sc_hd__or4_1)
     3    0.01    0.30    1.28    5.71 v _3786_/X (sky130_fd_sc_hd__or4_1)
                                         _1406_ (net)
                  0.30    0.00    5.71 v _3796_/B (sky130_fd_sc_hd__or2_1)
     4    0.02    0.20    0.71    6.42 v _3796_/X (sky130_fd_sc_hd__or2_1)
                                         _1415_ (net)
                  0.20    0.00    6.42 v _3810_/C (sky130_fd_sc_hd__or3_1)
     3    0.01    0.22    0.92    7.34 v _3810_/X (sky130_fd_sc_hd__or3_1)
                                         _1427_ (net)
                  0.22    0.00    7.34 v _3817_/B (sky130_fd_sc_hd__or2_1)
     4    0.01    0.18    0.65    7.98 v _3817_/X (sky130_fd_sc_hd__or2_1)
                                         _1433_ (net)
                  0.18    0.00    7.99 v _3849_/B (sky130_fd_sc_hd__or2_1)
     4    0.02    0.21    0.67    8.66 v _3849_/X (sky130_fd_sc_hd__or2_1)
                                         _1461_ (net)
                  0.21    0.00    8.66 v _3861_/C (sky130_fd_sc_hd__or3_2)
     4    0.02    0.25    1.22    9.87 v _3861_/X (sky130_fd_sc_hd__or3_2)
                                         _1471_ (net)
                  0.25    0.00    9.88 v _3872_/C (sky130_fd_sc_hd__or3_2)
     4    0.02    0.26    1.27   11.14 v _3872_/X (sky130_fd_sc_hd__or3_2)
                                         _1480_ (net)
                  0.26    0.00   11.14 v _3884_/C (sky130_fd_sc_hd__or3_2)
     4    0.01    0.23    1.21   12.35 v _3884_/X (sky130_fd_sc_hd__or3_2)
                                         _1490_ (net)
                  0.23    0.00   12.35 v _3896_/C (sky130_fd_sc_hd__or3_1)
     3    0.01    0.19    0.89   13.24 v _3896_/X (sky130_fd_sc_hd__or3_1)
                                         _1500_ (net)
                  0.19    0.00   13.24 v _3903_/B (sky130_fd_sc_hd__or2_2)
     4    0.02    0.21    0.85   14.09 v _3903_/X (sky130_fd_sc_hd__or2_2)
                                         _1506_ (net)
                  0.21    0.00   14.10 v _3915_/C (sky130_fd_sc_hd__or3_1)
     3    0.01    0.19    0.89   14.99 v _3915_/X (sky130_fd_sc_hd__or3_1)
                                         _1516_ (net)
                  0.19    0.00   14.99 v _3922_/B (sky130_fd_sc_hd__or2_1)
     4    0.01    0.18    0.64   15.63 v _3922_/X (sky130_fd_sc_hd__or2_1)
                                         _1522_ (net)
                  0.18    0.00   15.63 v _3929_/B (sky130_fd_sc_hd__or2_1)
     2    0.01    0.14    0.59   16.22 v _3929_/X (sky130_fd_sc_hd__or2_1)
                                         _1528_ (net)
                  0.14    0.00   16.22 v _3934_/B (sky130_fd_sc_hd__xor2_1)
     1    0.00    0.15    0.22   16.44 ^ _3934_/X (sky130_fd_sc_hd__xor2_1)
                                         _1532_ (net)
                  0.15    0.00   16.44 ^ _3936_/A2_N (sky130_fd_sc_hd__a2bb2o_1)
     1    0.00    0.10    0.65   17.09 v _3936_/X (sky130_fd_sc_hd__a2bb2o_1)
                                         _1534_ (net)
                  0.10    0.00   17.09 v _3938_/A2 (sky130_fd_sc_hd__a21o_1)
     1    0.00    0.05    0.33   17.42 v _3938_/X (sky130_fd_sc_hd__a21o_1)
                                         _0093_ (net)
                  0.05    0.00   17.42 v _5978_/D (sky130_fd_sc_hd__dfxtp_1)
                                 17.42   data arrival time

                         40.00   40.00   clock clk (rise edge)
                          0.00   40.00   clock source latency
     2    0.05    0.36    0.24   40.24 ^ clk (in)
                                         clk (net)
                  0.36    0.00   40.24 ^ clkbuf_0_clk/A (sky130_fd_sc_hd__clkbuf_16)
    16    0.20    0.31    0.51   40.76 ^ clkbuf_0_clk/X (sky130_fd_sc_hd__clkbuf_16)
                                         clknet_0_clk (net)
                  0.31    0.01   40.77 ^ clkbuf_3_0__f_clk/A (sky130_fd_sc_hd__clkbuf_16)
    20    0.13    0.22    0.43   41.20 ^ clkbuf_3_0__f_clk/X (sky130_fd_sc_hd__clkbuf_16)
                                         clknet_3_0__leaf_clk (net)
                  0.22    0.01   41.20 ^ clkbuf_leaf_82_clk/A (sky130_fd_sc_hd__clkbuf_8)
     3    0.02    0.08    0.28   41.49 ^ clkbuf_leaf_82_clk/X (sky130_fd_sc_hd__clkbuf_8)
                                         clknet_leaf_82_clk (net)
                  0.08    0.00   41.49 ^ _5978_/CLK (sky130_fd_sc_hd__dfxtp_1)
                         -0.25   41.24   clock uncertainty
                          0.13   41.36   clock reconvergence pessimism
                         -0.26   41.10   library setup time
                                 41.10   data required time
-----------------------------------------------------------------------------
                                 41.10   data required time
                                -17.42   data arrival time
-----------------------------------------------------------------------------
                                 23.68   slack (MET)



======================= Typical Corner ===================================

Startpoint: m_ready (input port clocked by clk)
Endpoint: _6478_ (rising edge-triggered flip-flop clocked by clk)
Path Group: clk
Path Type: max
Corner: Typical

Fanout     Cap    Slew   Delay    Time   Description
-----------------------------------------------------------------------------
                          0.00    0.00   clock clk (rise edge)
                          0.00    0.00   clock network delay (propagated)
                          8.00    8.00 ^ input external delay
     1    0.00    0.02    0.01    8.01 ^ m_ready (in)
                                         m_ready (net)
                  0.02    0.00    8.01 ^ input76/A (sky130_fd_sc_hd__buf_2)
     6    0.05    0.26    0.25    8.26 ^ input76/X (sky130_fd_sc_hd__buf_2)
                                         net76 (net)
                  0.26    0.01    8.28 ^ _3195_/C (sky130_fd_sc_hd__nand3_4)
    18    0.08    0.27    0.28    8.55 v _3195_/Y (sky130_fd_sc_hd__nand3_4)
                                         _0885_ (net)
                  0.27    0.00    8.56 v _3381_/B (sky130_fd_sc_hd__nor2_2)
     6    0.05    0.54    0.54    9.09 ^ _3381_/Y (sky130_fd_sc_hd__nor2_2)
                                         _1066_ (net)
                  0.54    0.00    9.10 ^ _3382_/C1 (sky130_fd_sc_hd__o2111ai_4)
     3    0.02    0.19    0.27    9.37 v _3382_/Y (sky130_fd_sc_hd__o2111ai_4)
                                         _1067_ (net)
                  0.19    0.00    9.37 v _3388_/B (sky130_fd_sc_hd__nor2_2)
     6    0.05    0.50    0.47    9.84 ^ _3388_/Y (sky130_fd_sc_hd__nor2_2)
                                         _1073_ (net)
                  0.50    0.01    9.85 ^ _3453_/A (sky130_fd_sc_hd__clkbuf_4)
    20    0.06    0.19    0.38   10.23 ^ _3453_/X (sky130_fd_sc_hd__clkbuf_4)
                                         _1127_ (net)
                  0.19    0.01   10.24 ^ _3460_/A (sky130_fd_sc_hd__buf_4)
    20    0.11    0.31    0.35   10.59 ^ _3460_/X (sky130_fd_sc_hd__buf_4)
                                         _1133_ (net)
                  0.32    0.04   10.63 ^ _5729_/A1 (sky130_fd_sc_hd__o21ai_1)
     2    0.01    0.11    0.17   10.80 v _5729_/Y (sky130_fd_sc_hd__o21ai_1)
                                         _2832_ (net)
                  0.11    0.00   10.80 v _5730_/B1 (sky130_fd_sc_hd__a22o_1)
     1    0.00    0.03    0.20   11.00 v _5730_/X (sky130_fd_sc_hd__a22o_1)
                                         _0588_ (net)
                  0.03    0.00   11.00 v hold134/A (sky130_fd_sc_hd__dlygate4sd3_1)
     1    0.00    0.06    0.57   11.57 v hold134/X (sky130_fd_sc_hd__dlygate4sd3_1)
                                         net327 (net)
                  0.06    0.00   11.57 v _6478_/D (sky130_fd_sc_hd__dfxtp_1)
                                 11.57   data arrival time

                         40.00   40.00   clock clk (rise edge)
                          0.00   40.00   clock source latency
     2    0.05    0.23    0.15   40.15 ^ clk (in)
                                         clk (net)
                  0.23    0.00   40.15 ^ clkbuf_0_clk/A (sky130_fd_sc_hd__clkbuf_16)
    16    0.20    0.21    0.29   40.44 ^ clkbuf_0_clk/X (sky130_fd_sc_hd__clkbuf_16)
                                         clknet_0_clk (net)
                  0.21    0.01   40.46 ^ clkbuf_3_0__f_clk/A (sky130_fd_sc_hd__clkbuf_16)
    20    0.13    0.14    0.24   40.70 ^ clkbuf_3_0__f_clk/X (sky130_fd_sc_hd__clkbuf_16)
                                         clknet_3_0__leaf_clk (net)
                  0.14    0.01   40.71 ^ clkbuf_leaf_75_clk/A (sky130_fd_sc_hd__clkbuf_8)
     7    0.03    0.06    0.17   40.88 ^ clkbuf_leaf_75_clk/X (sky130_fd_sc_hd__clkbuf_8)
                                         clknet_leaf_75_clk (net)
                  0.06    0.00   40.88 ^ _6478_/CLK (sky130_fd_sc_hd__dfxtp_1)
                         -0.25   40.63   clock uncertainty
                          0.00   40.63   clock reconvergence pessimism
                         -0.11   40.52   library setup time
                                 40.52   data required time
-----------------------------------------------------------------------------
                                 40.52   data required time
                                -11.57   data arrival time
-----------------------------------------------------------------------------
                                 28.95   slack (MET)




===========================================================================
report_checks --slack_max -0.01
============================================================================
======================= Fastest Corner ===================================

No paths found.

======================= Slowest Corner ===================================

No paths found.

======================= Typical Corner ===================================

No paths found.


===========================================================================
 report_check_types -max_slew -max_cap -max_fanout -violators
============================================================================
======================= Fastest Corner ===================================

max fanout

Pin                                   Limit Fanout  Slack
---------------------------------------------------------
clkbuf_3_2__f_clk/X                      10     26    -16 (VIOLATED)
clkbuf_3_4__f_clk/X                      10     26    -16 (VIOLATED)
clkbuf_3_7__f_clk/X                      10     26    -16 (VIOLATED)
clkbuf_3_1__f_clk/X                      10     24    -14 (VIOLATED)
clkbuf_3_5__f_clk/X                      10     24    -14 (VIOLATED)
_2946_/X                                 10     20    -10 (VIOLATED)
_2947_/X                                 10     20    -10 (VIOLATED)
_2948_/X                                 10     20    -10 (VIOLATED)
_3153_/X                                 10     20    -10 (VIOLATED)
_3155_/X                                 10     20    -10 (VIOLATED)
_3156_/X                                 10     20    -10 (VIOLATED)
_3169_/X                                 10     20    -10 (VIOLATED)
_3207_/X                                 10     20    -10 (VIOLATED)
_3211_/X                                 10     20    -10 (VIOLATED)
_3222_/X                                 10     20    -10 (VIOLATED)
_3223_/X                                 10     20    -10 (VIOLATED)
_3363_/X                                 10     20    -10 (VIOLATED)
_3364_/X                                 10     20    -10 (VIOLATED)
_3370_/X                                 10     20    -10 (VIOLATED)
_3376_/X                                 10     20    -10 (VIOLATED)
_3379_/X                                 10     20    -10 (VIOLATED)
_3383_/X                                 10     20    -10 (VIOLATED)
_3384_/X                                 10     20    -10 (VIOLATED)
_3387_/X                                 10     20    -10 (VIOLATED)
_3414_/X                                 10     20    -10 (VIOLATED)
_3425_/X                                 10     20    -10 (VIOLATED)
_3431_/X                                 10     20    -10 (VIOLATED)
_3436_/X                                 10     20    -10 (VIOLATED)
_3438_/X                                 10     20    -10 (VIOLATED)
_3439_/X                                 10     20    -10 (VIOLATED)
_3440_/X                                 10     20    -10 (VIOLATED)
_3447_/X                                 10     20    -10 (VIOLATED)
_3453_/X                                 10     20    -10 (VIOLATED)
_3459_/X                                 10     20    -10 (VIOLATED)
_3460_/X                                 10     20    -10 (VIOLATED)
_3515_/X                                 10     20    -10 (VIOLATED)
_3532_/X                                 10     20    -10 (VIOLATED)
_3533_/X                                 10     20    -10 (VIOLATED)
_3535_/X                                 10     20    -10 (VIOLATED)
_3536_/X                                 10     20    -10 (VIOLATED)
_3539_/X                                 10     20    -10 (VIOLATED)
_3548_/X                                 10     20    -10 (VIOLATED)
_3554_/X                                 10     20    -10 (VIOLATED)
_3558_/X                                 10     20    -10 (VIOLATED)
_3566_/X                                 10     20    -10 (VIOLATED)
_3577_/X                                 10     20    -10 (VIOLATED)
_3578_/X                                 10     20    -10 (VIOLATED)
_3584_/X                                 10     20    -10 (VIOLATED)
_3592_/X                                 10     20    -10 (VIOLATED)
_3603_/X                                 10     20    -10 (VIOLATED)
_3616_/X                                 10     20    -10 (VIOLATED)
_3618_/X                                 10     20    -10 (VIOLATED)
_3639_/X                                 10     20    -10 (VIOLATED)
_3689_/X                                 10     20    -10 (VIOLATED)
_3729_/X                                 10     20    -10 (VIOLATED)
_3731_/X                                 10     20    -10 (VIOLATED)
_3755_/X                                 10     20    -10 (VIOLATED)
_3759_/X                                 10     20    -10 (VIOLATED)
_3770_/X                                 10     20    -10 (VIOLATED)
_3789_/X                                 10     20    -10 (VIOLATED)
_3807_/X                                 10     20    -10 (VIOLATED)
_3840_/X                                 10     20    -10 (VIOLATED)
_3841_/X                                 10     20    -10 (VIOLATED)
_3846_/X                                 10     20    -10 (VIOLATED)
_3854_/X                                 10     20    -10 (VIOLATED)
_3947_/X                                 10     20    -10 (VIOLATED)
_3968_/X                                 10     20    -10 (VIOLATED)
_3989_/X                                 10     20    -10 (VIOLATED)
_4016_/X                                 10     20    -10 (VIOLATED)
_4037_/X                                 10     20    -10 (VIOLATED)
_4058_/X                                 10     20    -10 (VIOLATED)
_4085_/X                                 10     20    -10 (VIOLATED)
_4106_/X                                 10     20    -10 (VIOLATED)
_4127_/X                                 10     20    -10 (VIOLATED)
_4152_/X                                 10     20    -10 (VIOLATED)
_4153_/X                                 10     20    -10 (VIOLATED)
_4159_/X                                 10     20    -10 (VIOLATED)
_4173_/X                                 10     20    -10 (VIOLATED)
_4174_/X                                 10     20    -10 (VIOLATED)
_4177_/X                                 10     20    -10 (VIOLATED)
_4189_/X                                 10     20    -10 (VIOLATED)
_4300_/X                                 10     20    -10 (VIOLATED)
_4320_/X                                 10     20    -10 (VIOLATED)
_4326_/X                                 10     20    -10 (VIOLATED)
_4329_/X                                 10     20    -10 (VIOLATED)
_4331_/X                                 10     20    -10 (VIOLATED)
_4333_/X                                 10     20    -10 (VIOLATED)
_4336_/X                                 10     20    -10 (VIOLATED)
_4337_/X                                 10     20    -10 (VIOLATED)
_4340_/X                                 10     20    -10 (VIOLATED)
_4370_/X                                 10     20    -10 (VIOLATED)
_4385_/X                                 10     20    -10 (VIOLATED)
_4395_/X                                 10     20    -10 (VIOLATED)
_4525_/X                                 10     20    -10 (VIOLATED)
_4526_/X                                 10     20    -10 (VIOLATED)
_4866_/X                                 10     20    -10 (VIOLATED)
_4887_/X                                 10     20    -10 (VIOLATED)
_4908_/X                                 10     20    -10 (VIOLATED)
_4941_/X                                 10     20    -10 (VIOLATED)
_4942_/X                                 10     20    -10 (VIOLATED)
_4965_/X                                 10     20    -10 (VIOLATED)
_4969_/X                                 10     20    -10 (VIOLATED)
_4973_/X                                 10     20    -10 (VIOLATED)
_4977_/X                                 10     20    -10 (VIOLATED)
_5000_/X                                 10     20    -10 (VIOLATED)
_5004_/X                                 10     20    -10 (VIOLATED)
_5008_/X                                 10     20    -10 (VIOLATED)
_5018_/X                                 10     20    -10 (VIOLATED)
_5019_/X                                 10     20    -10 (VIOLATED)
_5050_/X                                 10     20    -10 (VIOLATED)
_5068_/X                                 10     20    -10 (VIOLATED)
_5069_/X                                 10     20    -10 (VIOLATED)
_5070_/X                                 10     20    -10 (VIOLATED)
_5078_/X                                 10     20    -10 (VIOLATED)
_5100_/X                                 10     20    -10 (VIOLATED)
_5112_/X                                 10     20    -10 (VIOLATED)
_5168_/X                                 10     20    -10 (VIOLATED)
_5219_/X                                 10     20    -10 (VIOLATED)
_5265_/X                                 10     20    -10 (VIOLATED)
_5286_/X                                 10     20    -10 (VIOLATED)
_5288_/X                                 10     20    -10 (VIOLATED)
_5292_/X                                 10     20    -10 (VIOLATED)
_5315_/X                                 10     20    -10 (VIOLATED)
_5333_/X                                 10     20    -10 (VIOLATED)
_5334_/X                                 10     20    -10 (VIOLATED)
_5338_/X                                 10     20    -10 (VIOLATED)
_5359_/X                                 10     20    -10 (VIOLATED)
_5408_/X                                 10     20    -10 (VIOLATED)
_5441_/X                                 10     20    -10 (VIOLATED)
_5473_/X                                 10     20    -10 (VIOLATED)
_5505_/X                                 10     20    -10 (VIOLATED)
_5536_/X                                 10     20    -10 (VIOLATED)
_5652_/X                                 10     20    -10 (VIOLATED)
_5653_/X                                 10     20    -10 (VIOLATED)
_5654_/X                                 10     20    -10 (VIOLATED)
_5663_/X                                 10     20    -10 (VIOLATED)
_5675_/X                                 10     20    -10 (VIOLATED)
_5678_/X                                 10     20    -10 (VIOLATED)
_5687_/X                                 10     20    -10 (VIOLATED)
_5690_/X                                 10     20    -10 (VIOLATED)
_5699_/X                                 10     20    -10 (VIOLATED)
_5702_/X                                 10     20    -10 (VIOLATED)
_5711_/X                                 10     20    -10 (VIOLATED)
_5714_/X                                 10     20    -10 (VIOLATED)
_5762_/X                                 10     20    -10 (VIOLATED)
_5775_/X                                 10     20    -10 (VIOLATED)
_5777_/X                                 10     20    -10 (VIOLATED)
_5787_/X                                 10     20    -10 (VIOLATED)
_5812_/X                                 10     20    -10 (VIOLATED)
_5823_/X                                 10     20    -10 (VIOLATED)
_6118_/Q                                 10     20    -10 (VIOLATED)
_6119_/Q                                 10     20    -10 (VIOLATED)
clkbuf_3_0__f_clk/X                      10     20    -10 (VIOLATED)
clkbuf_3_3__f_clk/X                      10     20    -10 (VIOLATED)
clkbuf_3_6__f_clk/X                      10     20    -10 (VIOLATED)
_5950_/Q                                 10     19     -9 (VIOLATED)
_3148_/X                                 10     18     -8 (VIOLATED)
_3150_/Y                                 10     18     -8 (VIOLATED)
_3193_/X                                 10     18     -8 (VIOLATED)
_3194_/X                                 10     18     -8 (VIOLATED)
_3195_/Y                                 10     18     -8 (VIOLATED)
_4317_/Y                                 10     18     -8 (VIOLATED)
_4937_/X                                 10     18     -8 (VIOLATED)
_5071_/Y                                 10     18     -8 (VIOLATED)
_6014_/Q                                 10     18     -8 (VIOLATED)
_6120_/Q                                 10     18     -8 (VIOLATED)
_6124_/Q                                 10     18     -8 (VIOLATED)
_6134_/Q                                 10     18     -8 (VIOLATED)
input7/X                                 10     18     -8 (VIOLATED)
_3147_/X                                 10     16     -6 (VIOLATED)
_3225_/X                                 10     16     -6 (VIOLATED)
_3374_/Y                                 10     16     -6 (VIOLATED)
_3745_/X                                 10     16     -6 (VIOLATED)
_5891_/Q                                 10     16     -6 (VIOLATED)
_5911_/Q                                 10     16     -6 (VIOLATED)
_6013_/Q                                 10     16     -6 (VIOLATED)
_6102_/Q                                 10     16     -6 (VIOLATED)
_6112_/Q                                 10     16     -6 (VIOLATED)
_6115_/Q                                 10     16     -6 (VIOLATED)
_6123_/Q                                 10     16     -6 (VIOLATED)
_6127_/Q                                 10     16     -6 (VIOLATED)
_6130_/Q                                 10     16     -6 (VIOLATED)
_6131_/Q                                 10     16     -6 (VIOLATED)
_6136_/Q                                 10     16     -6 (VIOLATED)
_6206_/Q                                 10     16     -6 (VIOLATED)
_6207_/Q                                 10     16     -6 (VIOLATED)
_6411_/Q                                 10     16     -6 (VIOLATED)
_6490_/Q                                 10     16     -6 (VIOLATED)
clkbuf_0_clk/X                           10     16     -6 (VIOLATED)
input18/X                                10     16     -6 (VIOLATED)
input33/X                                10     16     -6 (VIOLATED)
clkbuf_leaf_4_clk/X                      10     15     -5 (VIOLATED)
clkbuf_leaf_53_clk/X                     10     15     -5 (VIOLATED)
clkbuf_leaf_76_clk/X                     10     15     -5 (VIOLATED)
clkbuf_leaf_9_clk/X                      10     15     -5 (VIOLATED)
_2945_/Y                                 10     14     -4 (VIOLATED)
_3183_/Y                                 10     14     -4 (VIOLATED)
_3570_/Y                                 10     14     -4 (VIOLATED)
_4156_/X                                 10     14     -4 (VIOLATED)
_5892_/Q                                 10     14     -4 (VIOLATED)
_5909_/Q                                 10     14     -4 (VIOLATED)
_5912_/Q                                 10     14     -4 (VIOLATED)
_5914_/Q                                 10     14     -4 (VIOLATED)
_5916_/Q                                 10     14     -4 (VIOLATED)
_6114_/Q                                 10     14     -4 (VIOLATED)
_6117_/Q                                 10     14     -4 (VIOLATED)
_6126_/Q                                 10     14     -4 (VIOLATED)
_6129_/Q                                 10     14     -4 (VIOLATED)
_6132_/Q                                 10     14     -4 (VIOLATED)
_6135_/Q                                 10     14     -4 (VIOLATED)
_6491_/Q                                 10     14     -4 (VIOLATED)
input10/X                                10     14     -4 (VIOLATED)
input11/X                                10     14     -4 (VIOLATED)
input12/X                                10     14     -4 (VIOLATED)
input13/X                                10     14     -4 (VIOLATED)
input14/X                                10     14     -4 (VIOLATED)
input15/X                                10     14     -4 (VIOLATED)
input16/X                                10     14     -4 (VIOLATED)
input17/X                                10     14     -4 (VIOLATED)
input19/X                                10     14     -4 (VIOLATED)
input20/X                                10     14     -4 (VIOLATED)
input21/X                                10     14     -4 (VIOLATED)
input22/X                                10     14     -4 (VIOLATED)
input23/X                                10     14     -4 (VIOLATED)
input24/X                                10     14     -4 (VIOLATED)
input25/X                                10     14     -4 (VIOLATED)
input26/X                                10     14     -4 (VIOLATED)
input27/X                                10     14     -4 (VIOLATED)
input28/X                                10     14     -4 (VIOLATED)
input29/X                                10     14     -4 (VIOLATED)
input30/X                                10     14     -4 (VIOLATED)
input31/X                                10     14     -4 (VIOLATED)
input32/X                                10     14     -4 (VIOLATED)
input34/X                                10     14     -4 (VIOLATED)
input35/X                                10     14     -4 (VIOLATED)
input36/X                                10     14     -4 (VIOLATED)
input37/X                                10     14     -4 (VIOLATED)
input38/X                                10     14     -4 (VIOLATED)
input8/X                                 10     14     -4 (VIOLATED)
input9/X                                 10     14     -4 (VIOLATED)
clkbuf_leaf_16_clk/X                     10     13     -3 (VIOLATED)
_3212_/Y                                 10     12     -2 (VIOLATED)
_3377_/Y                                 10     12     -2 (VIOLATED)
_3378_/Y                                 10     12     -2 (VIOLATED)
_3441_/X                                 10     12     -2 (VIOLATED)
_4200_/Y                                 10     12     -2 (VIOLATED)
_4933_/X                                 10     12     -2 (VIOLATED)
_4939_/Y                                 10     12     -2 (VIOLATED)
_5542_/Y                                 10     12     -2 (VIOLATED)
_5543_/Y                                 10     12     -2 (VIOLATED)
_5900_/Q                                 10     12     -2 (VIOLATED)
_5913_/Q                                 10     12     -2 (VIOLATED)
_5915_/Q                                 10     12     -2 (VIOLATED)
_6125_/Q                                 10     12     -2 (VIOLATED)
clkbuf_leaf_10_clk/X                     10     12     -2 (VIOLATED)
clkbuf_leaf_15_clk/X                     10     12     -2 (VIOLATED)
clkbuf_leaf_60_clk/X                     10     12     -2 (VIOLATED)
input1/X                                 10     12     -2 (VIOLATED)
input2/X                                 10     12     -2 (VIOLATED)
clkbuf_leaf_11_clk/X                     10     11        (VIOLATED)
clkbuf_leaf_12_clk/X                     10     11        (VIOLATED)
clkbuf_leaf_17_clk/X                     10     11        (VIOLATED)
clkbuf_leaf_18_clk/X                     10     11        (VIOLATED)
clkbuf_leaf_21_clk/X                     10     11        (VIOLATED)
clkbuf_leaf_23_clk/X                     10     11        (VIOLATED)
clkbuf_leaf_25_clk/X                     10     11        (VIOLATED)
clkbuf_leaf_26_clk/X                     10     11        (VIOLATED)
clkbuf_leaf_6_clk/X                      10     11        (VIOLATED)


max slew violations count Fastest: 0
max fanout violations count Fastest: 268
max cap violations count Fastest: 0
======================= Slowest Corner ===================================

max slew

Pin                                    Limit    Slew   Slack
------------------------------------------------------------
ANTENNA__5434__B/DIODE                  0.75    1.02   -0.27 (VIOLATED)
_5434_/B                                0.75    1.02   -0.27 (VIOLATED)
ANTENNA__5432__B/DIODE                  0.75    1.02   -0.27 (VIOLATED)
_5432_/B                                0.75    1.02   -0.27 (VIOLATED)
_5411_/A                                0.75    1.02   -0.27 (VIOLATED)
ANTENNA__5411__A/DIODE                  0.75    1.02   -0.27 (VIOLATED)
_5388_/A                                0.75    1.02   -0.27 (VIOLATED)
ANTENNA__5388__A/DIODE                  0.75    1.02   -0.27 (VIOLATED)
_5365_/A                                0.75    1.02   -0.27 (VIOLATED)
ANTENNA__5365__A/DIODE                  0.75    1.02   -0.27 (VIOLATED)
_5364_/Y                                0.75    1.02   -0.27 (VIOLATED)
_5690_/A                                0.75    0.94   -0.19 (VIOLATED)
ANTENNA__5702__A/DIODE                  0.75    0.94   -0.19 (VIOLATED)
ANTENNA__5714__A/DIODE                  0.75    0.94   -0.19 (VIOLATED)
_5702_/A                                0.75    0.94   -0.19 (VIOLATED)
_5714_/A                                0.75    0.94   -0.19 (VIOLATED)
_5653_/A                                0.75    0.94   -0.19 (VIOLATED)
ANTENNA__5690__A/DIODE                  0.75    0.94   -0.19 (VIOLATED)
_5678_/A                                0.75    0.94   -0.19 (VIOLATED)
ANTENNA__5678__A/DIODE                  0.75    0.94   -0.19 (VIOLATED)
ANTENNA__5653__A/DIODE                  0.75    0.94   -0.19 (VIOLATED)
_3571_/B                                0.75    0.94   -0.19 (VIOLATED)
ANTENNA__3571__B/DIODE                  0.75    0.94   -0.19 (VIOLATED)
ANTENNA__5666__A/DIODE                  0.75    0.94   -0.19 (VIOLATED)
_5666_/A                                0.75    0.94   -0.19 (VIOLATED)
_3570_/Y                                0.75    0.94   -0.19 (VIOLATED)
_5647_/A2                               0.75    0.90   -0.15 (VIOLATED)
ANTENNA__5647__A2/DIODE                 0.75    0.90   -0.15 (VIOLATED)
ANTENNA__3382__C1/DIODE                 0.75    0.90   -0.15 (VIOLATED)
_3382_/C1                               0.75    0.90   -0.15 (VIOLATED)
_3537_/A                                0.75    0.90   -0.15 (VIOLATED)
ANTENNA__3537__A/DIODE                  0.75    0.90   -0.15 (VIOLATED)
_3381_/Y                                0.75    0.90   -0.15 (VIOLATED)
_3945_/B                                0.75    0.88   -0.13 (VIOLATED)
ANTENNA__3945__B/DIODE                  0.75    0.88   -0.13 (VIOLATED)
ANTENNA__5751__B/DIODE                  0.75    0.88   -0.13 (VIOLATED)
_5751_/B                                0.75    0.88   -0.13 (VIOLATED)
_4865_/D                                0.75    0.88   -0.13 (VIOLATED)
ANTENNA__4865__D/DIODE                  0.75    0.88   -0.13 (VIOLATED)
_4014_/C                                0.75    0.88   -0.13 (VIOLATED)
ANTENNA__4014__C/DIODE                  0.75    0.88   -0.13 (VIOLATED)
ANTENNA__5880__B/DIODE                  0.75    0.88   -0.13 (VIOLATED)
_5880_/B                                0.75    0.88   -0.13 (VIOLATED)
_5884_/A2                               0.75    0.88   -0.13 (VIOLATED)
ANTENNA__5884__A2/DIODE                 0.75    0.88   -0.13 (VIOLATED)
_3184_/C_N                              0.75    0.88   -0.13 (VIOLATED)
ANTENNA__3184__C_N/DIODE                0.75    0.88   -0.13 (VIOLATED)
_3183_/Y                                0.75    0.88   -0.13 (VIOLATED)
_3841_/A                                0.75    0.86   -0.11 (VIOLATED)
ANTENNA__3841__A/DIODE                  0.75    0.86   -0.11 (VIOLATED)
_3867_/A                                0.75    0.86   -0.11 (VIOLATED)
ANTENNA__3867__A/DIODE                  0.75    0.86   -0.11 (VIOLATED)
_3217_/D                                0.75    0.86   -0.11 (VIOLATED)
ANTENNA__3217__D/DIODE                  0.75    0.86   -0.11 (VIOLATED)
_3216_/Y                                0.75    0.86   -0.11 (VIOLATED)
ANTENNA__5843__A/DIODE                  0.75    0.82   -0.07 (VIOLATED)
_5843_/A                                0.75    0.82   -0.07 (VIOLATED)
_5875_/B1                               0.75    0.82   -0.07 (VIOLATED)
ANTENNA__5875__B1/DIODE                 0.75    0.82   -0.07 (VIOLATED)
ANTENNA__5807__A/DIODE                  0.75    0.82   -0.07 (VIOLATED)
_5807_/A                                0.75    0.82   -0.07 (VIOLATED)
_5878_/B1                               0.75    0.82   -0.07 (VIOLATED)
ANTENNA__5878__B1/DIODE                 0.75    0.82   -0.07 (VIOLATED)
_5543_/B_N                              0.75    0.82   -0.07 (VIOLATED)
_5767_/A                                0.75    0.82   -0.07 (VIOLATED)
ANTENNA__5543__B_N/DIODE                0.75    0.82   -0.07 (VIOLATED)
ANTENNA__5767__A/DIODE                  0.75    0.82   -0.07 (VIOLATED)
_5542_/Y                                0.75    0.82   -0.07 (VIOLATED)
_3389_/A                                0.75    0.82   -0.07 (VIOLATED)
ANTENNA__3389__A/DIODE                  0.75    0.82   -0.07 (VIOLATED)
_3453_/A                                0.75    0.82   -0.07 (VIOLATED)
ANTENNA__3453__A/DIODE                  0.75    0.82   -0.07 (VIOLATED)
_4339_/C                                0.75    0.82   -0.07 (VIOLATED)
ANTENNA__4339__C/DIODE                  0.75    0.82   -0.07 (VIOLATED)
_3388_/Y                                0.75    0.82   -0.07 (VIOLATED)
ANTENNA__5161__A/DIODE                  0.75    0.80   -0.05 (VIOLATED)
_5155_/A                                0.75    0.80   -0.05 (VIOLATED)
_5161_/A                                0.75    0.80   -0.05 (VIOLATED)
ANTENNA__5146__A/DIODE                  0.75    0.80   -0.05 (VIOLATED)
_5146_/A                                0.75    0.80   -0.05 (VIOLATED)
ANTENNA__5155__A/DIODE                  0.75    0.80   -0.05 (VIOLATED)
_5149_/A                                0.75    0.80   -0.05 (VIOLATED)
ANTENNA__5149__A/DIODE                  0.75    0.80   -0.05 (VIOLATED)
_5123_/A                                0.75    0.80   -0.05 (VIOLATED)
ANTENNA__5123__A/DIODE                  0.75    0.80   -0.05 (VIOLATED)
_5110_/A                                0.75    0.80   -0.05 (VIOLATED)
ANTENNA__5110__A/DIODE                  0.75    0.80   -0.05 (VIOLATED)
_5107_/A                                0.75    0.80   -0.05 (VIOLATED)
ANTENNA__5107__A/DIODE                  0.75    0.80   -0.05 (VIOLATED)
_5076_/A                                0.75    0.80   -0.05 (VIOLATED)
ANTENNA__5076__A/DIODE                  0.75    0.80   -0.05 (VIOLATED)
ANTENNA__5073__A/DIODE                  0.75    0.80   -0.05 (VIOLATED)
_5073_/A                                0.75    0.80   -0.05 (VIOLATED)
_5071_/Y                                0.75    0.80   -0.05 (VIOLATED)
_4293_/A2                               0.75    0.77   -0.02 (VIOLATED)
ANTENNA__4293__A2/DIODE                 0.75    0.77   -0.02 (VIOLATED)
_4225_/A2                               0.75    0.77   -0.02 (VIOLATED)
ANTENNA__4225__A2/DIODE                 0.75    0.77   -0.02 (VIOLATED)
_4216_/A2                               0.75    0.77   -0.02 (VIOLATED)
ANTENNA__4216__A2/DIODE                 0.75    0.77   -0.02 (VIOLATED)
_4202_/A2                               0.75    0.77   -0.02 (VIOLATED)
ANTENNA__4202__A2/DIODE                 0.75    0.77   -0.02 (VIOLATED)
_5205_/B                                0.75    0.77   -0.02 (VIOLATED)
ANTENNA__5205__B/DIODE                  0.75    0.77   -0.02 (VIOLATED)
_5203_/B                                0.75    0.77   -0.02 (VIOLATED)
ANTENNA__5203__B/DIODE                  0.75    0.77   -0.02 (VIOLATED)
_4200_/Y                                0.75    0.77   -0.02 (VIOLATED)
ANTENNA__5842__A/DIODE                  0.75    0.76   -0.01 (VIOLATED)
_5842_/A                                0.75    0.76   -0.01 (VIOLATED)
_5875_/A2                               0.75    0.76   -0.01 (VIOLATED)
ANTENNA__5875__A2/DIODE                 0.75    0.76   -0.01 (VIOLATED)
_5806_/A                                0.75    0.76   -0.01 (VIOLATED)
ANTENNA__5806__A/DIODE                  0.75    0.76   -0.01 (VIOLATED)
ANTENNA__5878__A2/DIODE                 0.75    0.76   -0.01 (VIOLATED)
_5878_/A2                               0.75    0.76   -0.01 (VIOLATED)
ANTENNA__5764__A/DIODE                  0.75    0.76   -0.01 (VIOLATED)
_5764_/A                                0.75    0.76   -0.01 (VIOLATED)
_5763_/Y                                0.75    0.76   -0.01 (VIOLATED)

max fanout

Pin                                   Limit Fanout  Slack
---------------------------------------------------------
clkbuf_3_2__f_clk/X                      10     26    -16 (VIOLATED)
clkbuf_3_4__f_clk/X                      10     26    -16 (VIOLATED)
clkbuf_3_7__f_clk/X                      10     26    -16 (VIOLATED)
clkbuf_3_1__f_clk/X                      10     24    -14 (VIOLATED)
clkbuf_3_5__f_clk/X                      10     24    -14 (VIOLATED)
_2946_/X                                 10     20    -10 (VIOLATED)
_2947_/X                                 10     20    -10 (VIOLATED)
_2948_/X                                 10     20    -10 (VIOLATED)
_3153_/X                                 10     20    -10 (VIOLATED)
_3155_/X                                 10     20    -10 (VIOLATED)
_3156_/X                                 10     20    -10 (VIOLATED)
_3169_/X                                 10     20    -10 (VIOLATED)
_3207_/X                                 10     20    -10 (VIOLATED)
_3211_/X                                 10     20    -10 (VIOLATED)
_3222_/X                                 10     20    -10 (VIOLATED)
_3223_/X                                 10     20    -10 (VIOLATED)
_3363_/X                                 10     20    -10 (VIOLATED)
_3364_/X                                 10     20    -10 (VIOLATED)
_3370_/X                                 10     20    -10 (VIOLATED)
_3376_/X                                 10     20    -10 (VIOLATED)
_3379_/X                                 10     20    -10 (VIOLATED)
_3383_/X                                 10     20    -10 (VIOLATED)
_3384_/X                                 10     20    -10 (VIOLATED)
_3387_/X                                 10     20    -10 (VIOLATED)
_3414_/X                                 10     20    -10 (VIOLATED)
_3425_/X                                 10     20    -10 (VIOLATED)
_3431_/X                                 10     20    -10 (VIOLATED)
_3436_/X                                 10     20    -10 (VIOLATED)
_3438_/X                                 10     20    -10 (VIOLATED)
_3439_/X                                 10     20    -10 (VIOLATED)
_3440_/X                                 10     20    -10 (VIOLATED)
_3447_/X                                 10     20    -10 (VIOLATED)
_3453_/X                                 10     20    -10 (VIOLATED)
_3459_/X                                 10     20    -10 (VIOLATED)
_3460_/X                                 10     20    -10 (VIOLATED)
_3515_/X                                 10     20    -10 (VIOLATED)
_3532_/X                                 10     20    -10 (VIOLATED)
_3533_/X                                 10     20    -10 (VIOLATED)
_3535_/X                                 10     20    -10 (VIOLATED)
_3536_/X                                 10     20    -10 (VIOLATED)
_3539_/X                                 10     20    -10 (VIOLATED)
_3548_/X                                 10     20    -10 (VIOLATED)
_3554_/X                                 10     20    -10 (VIOLATED)
_3558_/X                                 10     20    -10 (VIOLATED)
_3566_/X                                 10     20    -10 (VIOLATED)
_3577_/X                                 10     20    -10 (VIOLATED)
_3578_/X                                 10     20    -10 (VIOLATED)
_3584_/X                                 10     20    -10 (VIOLATED)
_3592_/X                                 10     20    -10 (VIOLATED)
_3603_/X                                 10     20    -10 (VIOLATED)
_3616_/X                                 10     20    -10 (VIOLATED)
_3618_/X                                 10     20    -10 (VIOLATED)
_3639_/X                                 10     20    -10 (VIOLATED)
_3689_/X                                 10     20    -10 (VIOLATED)
_3729_/X                                 10     20    -10 (VIOLATED)
_3731_/X                                 10     20    -10 (VIOLATED)
_3755_/X                                 10     20    -10 (VIOLATED)
_3759_/X                                 10     20    -10 (VIOLATED)
_3770_/X                                 10     20    -10 (VIOLATED)
_3789_/X                                 10     20    -10 (VIOLATED)
_3807_/X                                 10     20    -10 (VIOLATED)
_3840_/X                                 10     20    -10 (VIOLATED)
_3841_/X                                 10     20    -10 (VIOLATED)
_3846_/X                                 10     20    -10 (VIOLATED)
_3854_/X                                 10     20    -10 (VIOLATED)
_3947_/X                                 10     20    -10 (VIOLATED)
_3968_/X                                 10     20    -10 (VIOLATED)
_3989_/X                                 10     20    -10 (VIOLATED)
_4016_/X                                 10     20    -10 (VIOLATED)
_4037_/X                                 10     20    -10 (VIOLATED)
_4058_/X                                 10     20    -10 (VIOLATED)
_4085_/X                                 10     20    -10 (VIOLATED)
_4106_/X                                 10     20    -10 (VIOLATED)
_4127_/X                                 10     20    -10 (VIOLATED)
_4152_/X                                 10     20    -10 (VIOLATED)
_4153_/X                                 10     20    -10 (VIOLATED)
_4159_/X                                 10     20    -10 (VIOLATED)
_4173_/X                                 10     20    -10 (VIOLATED)
_4174_/X                                 10     20    -10 (VIOLATED)
_4177_/X                                 10     20    -10 (VIOLATED)
_4189_/X                                 10     20    -10 (VIOLATED)
_4300_/X                                 10     20    -10 (VIOLATED)
_4320_/X                                 10     20    -10 (VIOLATED)
_4326_/X                                 10     20    -10 (VIOLATED)
_4329_/X                                 10     20    -10 (VIOLATED)
_4331_/X                                 10     20    -10 (VIOLATED)
_4333_/X                                 10     20    -10 (VIOLATED)
_4336_/X                                 10     20    -10 (VIOLATED)
_4337_/X                                 10     20    -10 (VIOLATED)
_4340_/X                                 10     20    -10 (VIOLATED)
_4370_/X                                 10     20    -10 (VIOLATED)
_4385_/X                                 10     20    -10 (VIOLATED)
_4395_/X                                 10     20    -10 (VIOLATED)
_4525_/X                                 10     20    -10 (VIOLATED)
_4526_/X                                 10     20    -10 (VIOLATED)
_4866_/X                                 10     20    -10 (VIOLATED)
_4887_/X                                 10     20    -10 (VIOLATED)
_4908_/X                                 10     20    -10 (VIOLATED)
_4941_/X                                 10     20    -10 (VIOLATED)
_4942_/X                                 10     20    -10 (VIOLATED)
_4965_/X                                 10     20    -10 (VIOLATED)
_4969_/X                                 10     20    -10 (VIOLATED)
_4973_/X                                 10     20    -10 (VIOLATED)
_4977_/X                                 10     20    -10 (VIOLATED)
_5000_/X                                 10     20    -10 (VIOLATED)
_5004_/X                                 10     20    -10 (VIOLATED)
_5008_/X                                 10     20    -10 (VIOLATED)
_5018_/X                                 10     20    -10 (VIOLATED)
_5019_/X                                 10     20    -10 (VIOLATED)
_5050_/X                                 10     20    -10 (VIOLATED)
_5068_/X                                 10     20    -10 (VIOLATED)
_5069_/X                                 10     20    -10 (VIOLATED)
_5070_/X                                 10     20    -10 (VIOLATED)
_5078_/X                                 10     20    -10 (VIOLATED)
_5100_/X                                 10     20    -10 (VIOLATED)
_5112_/X                                 10     20    -10 (VIOLATED)
_5168_/X                                 10     20    -10 (VIOLATED)
_5219_/X                                 10     20    -10 (VIOLATED)
_5265_/X                                 10     20    -10 (VIOLATED)
_5286_/X                                 10     20    -10 (VIOLATED)
_5288_/X                                 10     20    -10 (VIOLATED)
_5292_/X                                 10     20    -10 (VIOLATED)
_5315_/X                                 10     20    -10 (VIOLATED)
_5333_/X                                 10     20    -10 (VIOLATED)
_5334_/X                                 10     20    -10 (VIOLATED)
_5338_/X                                 10     20    -10 (VIOLATED)
_5359_/X                                 10     20    -10 (VIOLATED)
_5408_/X                                 10     20    -10 (VIOLATED)
_5441_/X                                 10     20    -10 (VIOLATED)
_5473_/X                                 10     20    -10 (VIOLATED)
_5505_/X                                 10     20    -10 (VIOLATED)
_5536_/X                                 10     20    -10 (VIOLATED)
_5652_/X                                 10     20    -10 (VIOLATED)
_5653_/X                                 10     20    -10 (VIOLATED)
_5654_/X                                 10     20    -10 (VIOLATED)
_5663_/X                                 10     20    -10 (VIOLATED)
_5675_/X                                 10     20    -10 (VIOLATED)
_5678_/X                                 10     20    -10 (VIOLATED)
_5687_/X                                 10     20    -10 (VIOLATED)
_5690_/X                                 10     20    -10 (VIOLATED)
_5699_/X                                 10     20    -10 (VIOLATED)
_5702_/X                                 10     20    -10 (VIOLATED)
_5711_/X                                 10     20    -10 (VIOLATED)
_5714_/X                                 10     20    -10 (VIOLATED)
_5762_/X                                 10     20    -10 (VIOLATED)
_5775_/X                                 10     20    -10 (VIOLATED)
_5777_/X                                 10     20    -10 (VIOLATED)
_5787_/X                                 10     20    -10 (VIOLATED)
_5812_/X                                 10     20    -10 (VIOLATED)
_5823_/X                                 10     20    -10 (VIOLATED)
_6118_/Q                                 10     20    -10 (VIOLATED)
_6119_/Q                                 10     20    -10 (VIOLATED)
clkbuf_3_0__f_clk/X                      10     20    -10 (VIOLATED)
clkbuf_3_3__f_clk/X                      10     20    -10 (VIOLATED)
clkbuf_3_6__f_clk/X                      10     20    -10 (VIOLATED)
_5950_/Q                                 10     19     -9 (VIOLATED)
_3148_/X                                 10     18     -8 (VIOLATED)
_3150_/Y                                 10     18     -8 (VIOLATED)
_3193_/X                                 10     18     -8 (VIOLATED)
_3194_/X                                 10     18     -8 (VIOLATED)
_3195_/Y                                 10     18     -8 (VIOLATED)
_4317_/Y                                 10     18     -8 (VIOLATED)
_4937_/X                                 10     18     -8 (VIOLATED)
_5071_/Y                                 10     18     -8 (VIOLATED)
_6014_/Q                                 10     18     -8 (VIOLATED)
_6120_/Q                                 10     18     -8 (VIOLATED)
_6124_/Q                                 10     18     -8 (VIOLATED)
_6134_/Q                                 10     18     -8 (VIOLATED)
input7/X                                 10     18     -8 (VIOLATED)
_3147_/X                                 10     16     -6 (VIOLATED)
_3225_/X                                 10     16     -6 (VIOLATED)
_3374_/Y                                 10     16     -6 (VIOLATED)
_3745_/X                                 10     16     -6 (VIOLATED)
_5891_/Q                                 10     16     -6 (VIOLATED)
_5911_/Q                                 10     16     -6 (VIOLATED)
_6013_/Q                                 10     16     -6 (VIOLATED)
_6102_/Q                                 10     16     -6 (VIOLATED)
_6112_/Q                                 10     16     -6 (VIOLATED)
_6115_/Q                                 10     16     -6 (VIOLATED)
_6123_/Q                                 10     16     -6 (VIOLATED)
_6127_/Q                                 10     16     -6 (VIOLATED)
_6130_/Q                                 10     16     -6 (VIOLATED)
_6131_/Q                                 10     16     -6 (VIOLATED)
_6136_/Q                                 10     16     -6 (VIOLATED)
_6206_/Q                                 10     16     -6 (VIOLATED)
_6207_/Q                                 10     16     -6 (VIOLATED)
_6411_/Q                                 10     16     -6 (VIOLATED)
_6490_/Q                                 10     16     -6 (VIOLATED)
clkbuf_0_clk/X                           10     16     -6 (VIOLATED)
input18/X                                10     16     -6 (VIOLATED)
input33/X                                10     16     -6 (VIOLATED)
clkbuf_leaf_4_clk/X                      10     15     -5 (VIOLATED)
clkbuf_leaf_53_clk/X                     10     15     -5 (VIOLATED)
clkbuf_leaf_76_clk/X                     10     15     -5 (VIOLATED)
clkbuf_leaf_9_clk/X                      10     15     -5 (VIOLATED)
_2945_/Y                                 10     14     -4 (VIOLATED)
_3183_/Y                                 10     14     -4 (VIOLATED)
_3570_/Y                                 10     14     -4 (VIOLATED)
_4156_/X                                 10     14     -4 (VIOLATED)
_5892_/Q                                 10     14     -4 (VIOLATED)
_5909_/Q                                 10     14     -4 (VIOLATED)
_5912_/Q                                 10     14     -4 (VIOLATED)
_5914_/Q                                 10     14     -4 (VIOLATED)
_5916_/Q                                 10     14     -4 (VIOLATED)
_6114_/Q                                 10     14     -4 (VIOLATED)
_6117_/Q                                 10     14     -4 (VIOLATED)
_6126_/Q                                 10     14     -4 (VIOLATED)
_6129_/Q                                 10     14     -4 (VIOLATED)
_6132_/Q                                 10     14     -4 (VIOLATED)
_6135_/Q                                 10     14     -4 (VIOLATED)
_6491_/Q                                 10     14     -4 (VIOLATED)
input10/X                                10     14     -4 (VIOLATED)
input11/X                                10     14     -4 (VIOLATED)
input12/X                                10     14     -4 (VIOLATED)
input13/X                                10     14     -4 (VIOLATED)
input14/X                                10     14     -4 (VIOLATED)
input15/X                                10     14     -4 (VIOLATED)
input16/X                                10     14     -4 (VIOLATED)
input17/X                                10     14     -4 (VIOLATED)
input19/X                                10     14     -4 (VIOLATED)
input20/X                                10     14     -4 (VIOLATED)
input21/X                                10     14     -4 (VIOLATED)
input22/X                                10     14     -4 (VIOLATED)
input23/X                                10     14     -4 (VIOLATED)
input24/X                                10     14     -4 (VIOLATED)
input25/X                                10     14     -4 (VIOLATED)
input26/X                                10     14     -4 (VIOLATED)
input27/X                                10     14     -4 (VIOLATED)
input28/X                                10     14     -4 (VIOLATED)
input29/X                                10     14     -4 (VIOLATED)
input30/X                                10     14     -4 (VIOLATED)
input31/X                                10     14     -4 (VIOLATED)
input32/X                                10     14     -4 (VIOLATED)
input34/X                                10     14     -4 (VIOLATED)
input35/X                                10     14     -4 (VIOLATED)
input36/X                                10     14     -4 (VIOLATED)
input37/X                                10     14     -4 (VIOLATED)
input38/X                                10     14     -4 (VIOLATED)
input8/X                                 10     14     -4 (VIOLATED)
input9/X                                 10     14     -4 (VIOLATED)
clkbuf_leaf_16_clk/X                     10     13     -3 (VIOLATED)
_3212_/Y                                 10     12     -2 (VIOLATED)
_3377_/Y                                 10     12     -2 (VIOLATED)
_3378_/Y                                 10     12     -2 (VIOLATED)
_3441_/X                                 10     12     -2 (VIOLATED)
_4200_/Y                                 10     12     -2 (VIOLATED)
_4933_/X                                 10     12     -2 (VIOLATED)
_4939_/Y                                 10     12     -2 (VIOLATED)
_5542_/Y                                 10     12     -2 (VIOLATED)
_5543_/Y                                 10     12     -2 (VIOLATED)
_5900_/Q                                 10     12     -2 (VIOLATED)
_5913_/Q                                 10     12     -2 (VIOLATED)
_5915_/Q                                 10     12     -2 (VIOLATED)
_6125_/Q                                 10     12     -2 (VIOLATED)
clkbuf_leaf_10_clk/X                     10     12     -2 (VIOLATED)
clkbuf_leaf_15_clk/X                     10     12     -2 (VIOLATED)
clkbuf_leaf_60_clk/X                     10     12     -2 (VIOLATED)
input1/X                                 10     12     -2 (VIOLATED)
input2/X                                 10     12     -2 (VIOLATED)
clkbuf_leaf_11_clk/X                     10     11        (VIOLATED)
clkbuf_leaf_12_clk/X                     10     11        (VIOLATED)
clkbuf_leaf_17_clk/X                     10     11        (VIOLATED)
clkbuf_leaf_18_clk/X                     10     11        (VIOLATED)
clkbuf_leaf_21_clk/X                     10     11        (VIOLATED)
clkbuf_leaf_23_clk/X                     10     11        (VIOLATED)
clkbuf_leaf_25_clk/X                     10     11        (VIOLATED)
clkbuf_leaf_26_clk/X                     10     11        (VIOLATED)
clkbuf_leaf_6_clk/X                      10     11        (VIOLATED)


max slew violations count Slowest: 118
max fanout violations count Slowest: 268
max cap violations count Slowest: 0
======================= Typical Corner ===================================

max fanout

Pin                                   Limit Fanout  Slack
---------------------------------------------------------
clkbuf_3_2__f_clk/X                      10     26    -16 (VIOLATED)
clkbuf_3_4__f_clk/X                      10     26    -16 (VIOLATED)
clkbuf_3_7__f_clk/X                      10     26    -16 (VIOLATED)
clkbuf_3_1__f_clk/X                      10     24    -14 (VIOLATED)
clkbuf_3_5__f_clk/X                      10     24    -14 (VIOLATED)
_2946_/X                                 10     20    -10 (VIOLATED)
_2947_/X                                 10     20    -10 (VIOLATED)
_2948_/X                                 10     20    -10 (VIOLATED)
_3153_/X                                 10     20    -10 (VIOLATED)
_3155_/X                                 10     20    -10 (VIOLATED)
_3156_/X                                 10     20    -10 (VIOLATED)
_3169_/X                                 10     20    -10 (VIOLATED)
_3207_/X                                 10     20    -10 (VIOLATED)
_3211_/X                                 10     20    -10 (VIOLATED)
_3222_/X                                 10     20    -10 (VIOLATED)
_3223_/X                                 10     20    -10 (VIOLATED)
_3363_/X                                 10     20    -10 (VIOLATED)
_3364_/X                                 10     20    -10 (VIOLATED)
_3370_/X                                 10     20    -10 (VIOLATED)
_3376_/X                                 10     20    -10 (VIOLATED)
_3379_/X                                 10     20    -10 (VIOLATED)
_3383_/X                                 10     20    -10 (VIOLATED)
_3384_/X                                 10     20    -10 (VIOLATED)
_3387_/X                                 10     20    -10 (VIOLATED)
_3414_/X                                 10     20    -10 (VIOLATED)
_3425_/X                                 10     20    -10 (VIOLATED)
_3431_/X                                 10     20    -10 (VIOLATED)
_3436_/X                                 10     20    -10 (VIOLATED)
_3438_/X                                 10     20    -10 (VIOLATED)
_3439_/X                                 10     20    -10 (VIOLATED)
_3440_/X                                 10     20    -10 (VIOLATED)
_3447_/X                                 10     20    -10 (VIOLATED)
_3453_/X                                 10     20    -10 (VIOLATED)
_3459_/X                                 10     20    -10 (VIOLATED)
_3460_/X                                 10     20    -10 (VIOLATED)
_3515_/X                                 10     20    -10 (VIOLATED)
_3532_/X                                 10     20    -10 (VIOLATED)
_3533_/X                                 10     20    -10 (VIOLATED)
_3535_/X                                 10     20    -10 (VIOLATED)
_3536_/X                                 10     20    -10 (VIOLATED)
_3539_/X                                 10     20    -10 (VIOLATED)
_3548_/X                                 10     20    -10 (VIOLATED)
_3554_/X                                 10     20    -10 (VIOLATED)
_3558_/X                                 10     20    -10 (VIOLATED)
_3566_/X                                 10     20    -10 (VIOLATED)
_3577_/X                                 10     20    -10 (VIOLATED)
_3578_/X                                 10     20    -10 (VIOLATED)
_3584_/X                                 10     20    -10 (VIOLATED)
_3592_/X                                 10     20    -10 (VIOLATED)
_3603_/X                                 10     20    -10 (VIOLATED)
_3616_/X                                 10     20    -10 (VIOLATED)
_3618_/X                                 10     20    -10 (VIOLATED)
_3639_/X                                 10     20    -10 (VIOLATED)
_3689_/X                                 10     20    -10 (VIOLATED)
_3729_/X                                 10     20    -10 (VIOLATED)
_3731_/X                                 10     20    -10 (VIOLATED)
_3755_/X                                 10     20    -10 (VIOLATED)
_3759_/X                                 10     20    -10 (VIOLATED)
_3770_/X                                 10     20    -10 (VIOLATED)
_3789_/X                                 10     20    -10 (VIOLATED)
_3807_/X                                 10     20    -10 (VIOLATED)
_3840_/X                                 10     20    -10 (VIOLATED)
_3841_/X                                 10     20    -10 (VIOLATED)
_3846_/X                                 10     20    -10 (VIOLATED)
_3854_/X                                 10     20    -10 (VIOLATED)
_3947_/X                                 10     20    -10 (VIOLATED)
_3968_/X                                 10     20    -10 (VIOLATED)
_3989_/X                                 10     20    -10 (VIOLATED)
_4016_/X                                 10     20    -10 (VIOLATED)
_4037_/X                                 10     20    -10 (VIOLATED)
_4058_/X                                 10     20    -10 (VIOLATED)
_4085_/X                                 10     20    -10 (VIOLATED)
_4106_/X                                 10     20    -10 (VIOLATED)
_4127_/X                                 10     20    -10 (VIOLATED)
_4152_/X                                 10     20    -10 (VIOLATED)
_4153_/X                                 10     20    -10 (VIOLATED)
_4159_/X                                 10     20    -10 (VIOLATED)
_4173_/X                                 10     20    -10 (VIOLATED)
_4174_/X                                 10     20    -10 (VIOLATED)
_4177_/X                                 10     20    -10 (VIOLATED)
_4189_/X                                 10     20    -10 (VIOLATED)
_4300_/X                                 10     20    -10 (VIOLATED)
_4320_/X                                 10     20    -10 (VIOLATED)
_4326_/X                                 10     20    -10 (VIOLATED)
_4329_/X                                 10     20    -10 (VIOLATED)
_4331_/X                                 10     20    -10 (VIOLATED)
_4333_/X                                 10     20    -10 (VIOLATED)
_4336_/X                                 10     20    -10 (VIOLATED)
_4337_/X                                 10     20    -10 (VIOLATED)
_4340_/X                                 10     20    -10 (VIOLATED)
_4370_/X                                 10     20    -10 (VIOLATED)
_4385_/X                                 10     20    -10 (VIOLATED)
_4395_/X                                 10     20    -10 (VIOLATED)
_4525_/X                                 10     20    -10 (VIOLATED)
_4526_/X                                 10     20    -10 (VIOLATED)
_4866_/X                                 10     20    -10 (VIOLATED)
_4887_/X                                 10     20    -10 (VIOLATED)
_4908_/X                                 10     20    -10 (VIOLATED)
_4941_/X                                 10     20    -10 (VIOLATED)
_4942_/X                                 10     20    -10 (VIOLATED)
_4965_/X                                 10     20    -10 (VIOLATED)
_4969_/X                                 10     20    -10 (VIOLATED)
_4973_/X                                 10     20    -10 (VIOLATED)
_4977_/X                                 10     20    -10 (VIOLATED)
_5000_/X                                 10     20    -10 (VIOLATED)
_5004_/X                                 10     20    -10 (VIOLATED)
_5008_/X                                 10     20    -10 (VIOLATED)
_5018_/X                                 10     20    -10 (VIOLATED)
_5019_/X                                 10     20    -10 (VIOLATED)
_5050_/X                                 10     20    -10 (VIOLATED)
_5068_/X                                 10     20    -10 (VIOLATED)
_5069_/X                                 10     20    -10 (VIOLATED)
_5070_/X                                 10     20    -10 (VIOLATED)
_5078_/X                                 10     20    -10 (VIOLATED)
_5100_/X                                 10     20    -10 (VIOLATED)
_5112_/X                                 10     20    -10 (VIOLATED)
_5168_/X                                 10     20    -10 (VIOLATED)
_5219_/X                                 10     20    -10 (VIOLATED)
_5265_/X                                 10     20    -10 (VIOLATED)
_5286_/X                                 10     20    -10 (VIOLATED)
_5288_/X                                 10     20    -10 (VIOLATED)
_5292_/X                                 10     20    -10 (VIOLATED)
_5315_/X                                 10     20    -10 (VIOLATED)
_5333_/X                                 10     20    -10 (VIOLATED)
_5334_/X                                 10     20    -10 (VIOLATED)
_5338_/X                                 10     20    -10 (VIOLATED)
_5359_/X                                 10     20    -10 (VIOLATED)
_5408_/X                                 10     20    -10 (VIOLATED)
_5441_/X                                 10     20    -10 (VIOLATED)
_5473_/X                                 10     20    -10 (VIOLATED)
_5505_/X                                 10     20    -10 (VIOLATED)
_5536_/X                                 10     20    -10 (VIOLATED)
_5652_/X                                 10     20    -10 (VIOLATED)
_5653_/X                                 10     20    -10 (VIOLATED)
_5654_/X                                 10     20    -10 (VIOLATED)
_5663_/X                                 10     20    -10 (VIOLATED)
_5675_/X                                 10     20    -10 (VIOLATED)
_5678_/X                                 10     20    -10 (VIOLATED)
_5687_/X                                 10     20    -10 (VIOLATED)
_5690_/X                                 10     20    -10 (VIOLATED)
_5699_/X                                 10     20    -10 (VIOLATED)
_5702_/X                                 10     20    -10 (VIOLATED)
_5711_/X                                 10     20    -10 (VIOLATED)
_5714_/X                                 10     20    -10 (VIOLATED)
_5762_/X                                 10     20    -10 (VIOLATED)
_5775_/X                                 10     20    -10 (VIOLATED)
_5777_/X                                 10     20    -10 (VIOLATED)
_5787_/X                                 10     20    -10 (VIOLATED)
_5812_/X                                 10     20    -10 (VIOLATED)
_5823_/X                                 10     20    -10 (VIOLATED)
_6118_/Q                                 10     20    -10 (VIOLATED)
_6119_/Q                                 10     20    -10 (VIOLATED)
clkbuf_3_0__f_clk/X                      10     20    -10 (VIOLATED)
clkbuf_3_3__f_clk/X                      10     20    -10 (VIOLATED)
clkbuf_3_6__f_clk/X                      10     20    -10 (VIOLATED)
_5950_/Q                                 10     19     -9 (VIOLATED)
_3148_/X                                 10     18     -8 (VIOLATED)
_3150_/Y                                 10     18     -8 (VIOLATED)
_3193_/X                                 10     18     -8 (VIOLATED)
_3194_/X                                 10     18     -8 (VIOLATED)
_3195_/Y                                 10     18     -8 (VIOLATED)
_4317_/Y                                 10     18     -8 (VIOLATED)
_4937_/X                                 10     18     -8 (VIOLATED)
_5071_/Y                                 10     18     -8 (VIOLATED)
_6014_/Q                                 10     18     -8 (VIOLATED)
_6120_/Q                                 10     18     -8 (VIOLATED)
_6124_/Q                                 10     18     -8 (VIOLATED)
_6134_/Q                                 10     18     -8 (VIOLATED)
input7/X                                 10     18     -8 (VIOLATED)
_3147_/X                                 10     16     -6 (VIOLATED)
_3225_/X                                 10     16     -6 (VIOLATED)
_3374_/Y                                 10     16     -6 (VIOLATED)
_3745_/X                                 10     16     -6 (VIOLATED)
_5891_/Q                                 10     16     -6 (VIOLATED)
_5911_/Q                                 10     16     -6 (VIOLATED)
_6013_/Q                                 10     16     -6 (VIOLATED)
_6102_/Q                                 10     16     -6 (VIOLATED)
_6112_/Q                                 10     16     -6 (VIOLATED)
_6115_/Q                                 10     16     -6 (VIOLATED)
_6123_/Q                                 10     16     -6 (VIOLATED)
_6127_/Q                                 10     16     -6 (VIOLATED)
_6130_/Q                                 10     16     -6 (VIOLATED)
_6131_/Q                                 10     16     -6 (VIOLATED)
_6136_/Q                                 10     16     -6 (VIOLATED)
_6206_/Q                                 10     16     -6 (VIOLATED)
_6207_/Q                                 10     16     -6 (VIOLATED)
_6411_/Q                                 10     16     -6 (VIOLATED)
_6490_/Q                                 10     16     -6 (VIOLATED)
clkbuf_0_clk/X                           10     16     -6 (VIOLATED)
input18/X                                10     16     -6 (VIOLATED)
input33/X                                10     16     -6 (VIOLATED)
clkbuf_leaf_4_clk/X                      10     15     -5 (VIOLATED)
clkbuf_leaf_53_clk/X                     10     15     -5 (VIOLATED)
clkbuf_leaf_76_clk/X                     10     15     -5 (VIOLATED)
clkbuf_leaf_9_clk/X                      10     15     -5 (VIOLATED)
_2945_/Y                                 10     14     -4 (VIOLATED)
_3183_/Y                                 10     14     -4 (VIOLATED)
_3570_/Y                                 10     14     -4 (VIOLATED)
_4156_/X                                 10     14     -4 (VIOLATED)
_5892_/Q                                 10     14     -4 (VIOLATED)
_5909_/Q                                 10     14     -4 (VIOLATED)
_5912_/Q                                 10     14     -4 (VIOLATED)
_5914_/Q                                 10     14     -4 (VIOLATED)
_5916_/Q                                 10     14     -4 (VIOLATED)
_6114_/Q                                 10     14     -4 (VIOLATED)
_6117_/Q                                 10     14     -4 (VIOLATED)
_6126_/Q                                 10     14     -4 (VIOLATED)
_6129_/Q                                 10     14     -4 (VIOLATED)
_6132_/Q                                 10     14     -4 (VIOLATED)
_6135_/Q                                 10     14     -4 (VIOLATED)
_6491_/Q                                 10     14     -4 (VIOLATED)
input10/X                                10     14     -4 (VIOLATED)
input11/X                                10     14     -4 (VIOLATED)
input12/X                                10     14     -4 (VIOLATED)
input13/X                                10     14     -4 (VIOLATED)
input14/X                                10     14     -4 (VIOLATED)
input15/X                                10     14     -4 (VIOLATED)
input16/X                                10     14     -4 (VIOLATED)
input17/X                                10     14     -4 (VIOLATED)
input19/X                                10     14     -4 (VIOLATED)
input20/X                                10     14     -4 (VIOLATED)
input21/X                                10     14     -4 (VIOLATED)
input22/X                                10     14     -4 (VIOLATED)
input23/X                                10     14     -4 (VIOLATED)
input24/X                                10     14     -4 (VIOLATED)
input25/X                                10     14     -4 (VIOLATED)
input26/X                                10     14     -4 (VIOLATED)
input27/X                                10     14     -4 (VIOLATED)
input28/X                                10     14     -4 (VIOLATED)
input29/X                                10     14     -4 (VIOLATED)
input30/X                                10     14     -4 (VIOLATED)
input31/X                                10     14     -4 (VIOLATED)
input32/X                                10     14     -4 (VIOLATED)
input34/X                                10     14     -4 (VIOLATED)
input35/X                                10     14     -4 (VIOLATED)
input36/X                                10     14     -4 (VIOLATED)
input37/X                                10     14     -4 (VIOLATED)
input38/X                                10     14     -4 (VIOLATED)
input8/X                                 10     14     -4 (VIOLATED)
input9/X                                 10     14     -4 (VIOLATED)
clkbuf_leaf_16_clk/X                     10     13     -3 (VIOLATED)
_3212_/Y                                 10     12     -2 (VIOLATED)
_3377_/Y                                 10     12     -2 (VIOLATED)
_3378_/Y                                 10     12     -2 (VIOLATED)
_3441_/X                                 10     12     -2 (VIOLATED)
_4200_/Y                                 10     12     -2 (VIOLATED)
_4933_/X                                 10     12     -2 (VIOLATED)
_4939_/Y                                 10     12     -2 (VIOLATED)
_5542_/Y                                 10     12     -2 (VIOLATED)
_5543_/Y                                 10     12     -2 (VIOLATED)
_5900_/Q                                 10     12     -2 (VIOLATED)
_5913_/Q                                 10     12     -2 (VIOLATED)
_5915_/Q                                 10     12     -2 (VIOLATED)
_6125_/Q                                 10     12     -2 (VIOLATED)
clkbuf_leaf_10_clk/X                     10     12     -2 (VIOLATED)
clkbuf_leaf_15_clk/X                     10     12     -2 (VIOLATED)
clkbuf_leaf_60_clk/X                     10     12     -2 (VIOLATED)
input1/X                                 10     12     -2 (VIOLATED)
input2/X                                 10     12     -2 (VIOLATED)
clkbuf_leaf_11_clk/X                     10     11        (VIOLATED)
clkbuf_leaf_12_clk/X                     10     11        (VIOLATED)
clkbuf_leaf_17_clk/X                     10     11        (VIOLATED)
clkbuf_leaf_18_clk/X                     10     11        (VIOLATED)
clkbuf_leaf_21_clk/X                     10     11        (VIOLATED)
clkbuf_leaf_23_clk/X                     10     11        (VIOLATED)
clkbuf_leaf_25_clk/X                     10     11        (VIOLATED)
clkbuf_leaf_26_clk/X                     10     11        (VIOLATED)
clkbuf_leaf_6_clk/X                      10     11        (VIOLATED)


max slew violations count Typical: 0
max fanout violations count Typical: 268
max cap violations count Typical: 0

===========================================================================
report_parasitic_annotation -report_unannotated
============================================================================
Found 98 unannotated drivers.
 ui_in[0]
 ui_in[1]
 ui_in[2]
 ui_in[3]
 ui_in[4]
 ui_in[5]
 ui_in[6]
 ui_in[7]
 clkload0/Y
 clkload1/Y
 clkload10/Y
 clkload11/Y
 clkload12/Y
 clkload13/Y
 clkload14/Y
 clkload15/Y
 clkload16/Y
 clkload17/Y
 clkload18/X
 clkload19/Y
 clkload2/Y
 clkload20/Y
 clkload21/Y
 clkload22/Y
 clkload23/Y
 clkload24/Y
 clkload25/Y
 clkload26/Y
 clkload27/Y
 clkload28/Y
 clkload29/Y
 clkload3/X
 clkload30/Y
 clkload31/Y
 clkload32/Y
 clkload33/Y
 clkload34/Y
 clkload35/Y
 clkload36/Y
 clkload37/Y
 clkload38/Y
 clkload39/Y
 clkload4/Y
 clkload40/X
 clkload41/Y
 clkload42/Y
 clkload43/Y
 clkload44/Y
 clkload45/Y
 clkload46/Y
 clkload47/Y
 clkload48/Y
 clkload49/Y
 clkload5/Y
 clkload50/Y
 clkload51/Y
 clkload52/X
 clkload53/Y
 clkload54/Y
 clkload55/Y
 clkload56/Y
 clkload57/Y
 clkload58/Y
 clkload59/Y
 clkload6/X
 clkload60/Y
 clkload61/Y
 clkload62/Y
 clkload63/X
 clkload64/Y
 clkload65/X
 clkload66/X
 clkload67/Y
 clkload68/Y
 clkload69/Y
 clkload7/Y
 clkload70/Y
 clkload71/X
 clkload72/Y
 clkload73/Y
 clkload74/Y
 clkload75/Y
 clkload76/Y
 clkload77/Y
 clkload78/X
 clkload79/Y
 clkload8/Y
 clkload80/X
 clkload81/Y
 clkload9/Y
 tqvp_dma_186/HI
 tqvp_dma_187/HI
 tqvp_dma_188/HI
 tqvp_dma_189/HI
 tqvp_dma_190/HI
 tqvp_dma_191/HI
 tqvp_dma_192/HI
 tqvp_dma_193/HI
Found 0 partially unannotated drivers.

===========================================================================
max slew violation count 118
max fanout violation count 268
max cap violation count 0
============================================================================

===========================================================================
check_setup -verbose -unconstrained_endpoints -multiple_clock -no_clock -no_input_delay -loops -generated_clocks
===========================================================================
Warning: There are 8 unconstrained endpoints.
  uo_out[0]
  uo_out[1]
  uo_out[2]
  uo_out[3]
  uo_out[4]
  uo_out[5]
  uo_out[6]
  uo_out[7]
