
===========================================================================
 report_power
============================================================================
======================= Fastest Corner ===================================

Group                  Internal  Switching    Leakage      Total
                          Power      Power      Power      Power (Watts)
----------------------------------------------------------------
Sequential             7.44e-04   1.31e-05   9.75e-09   7.57e-04  44.5%
Combinational          4.88e-05   9.23e-05   2.95e-08   1.41e-04   8.3%
Clock                  4.04e-04   3.99e-04   2.12e-08   8.03e-04  47.2%
Macro                  0.00e+00   0.00e+00   0.00e+00   0.00e+00   0.0%
Pad                    0.00e+00   0.00e+00   0.00e+00   0.00e+00   0.0%
----------------------------------------------------------------
Total                  1.20e-03   5.04e-04   6.05e-08   1.70e-03 100.0%
                          70.4%      29.6%       0.0%

======================= Slowest Corner ===================================

Group                  Internal  Switching    Leakage      Total
                          Power      Power      Power      Power (Watts)
----------------------------------------------------------------
Sequential             4.95e-04   8.76e-06   8.77e-06   5.13e-04  43.5%
Combinational          3.57e-05   6.20e-05   1.74e-05   1.15e-04   9.8%
Clock                  2.91e-04   2.60e-04   1.79e-06   5.52e-04  46.8%
Macro                  0.00e+00   0.00e+00   0.00e+00   0.00e+00   0.0%
Pad                    0.00e+00   0.00e+00   0.00e+00   0.00e+00   0.0%
----------------------------------------------------------------
Total                  8.22e-04   3.31e-04   2.79e-05   1.18e-03 100.0%
                          69.6%      28.0%       2.4%

======================= Typical Corner ===================================

Group                  Internal  Switching    Leakage      Total
                          Power      Power      Power      Power (Watts)
----------------------------------------------------------------
Sequential             6.41e-04   1.11e-05   5.18e-09   6.52e-04  44.5%
Combinational          4.39e-05   7.85e-05   1.50e-08   1.22e-04   8.4%
Clock                  3.54e-04   3.37e-04   1.70e-08   6.91e-04  47.2%
Macro                  0.00e+00   0.00e+00   0.00e+00   0.00e+00   0.0%
Pad                    0.00e+00   0.00e+00   0.00e+00   0.00e+00   0.0%
----------------------------------------------------------------
Total                  1.04e-03   4.26e-04   3.72e-08   1.46e-03 100.0%
                          70.9%      29.1%       0.0%

