
===========================================================================
 report_power
============================================================================
======================= Fastest Corner ===================================

Group                  Internal  Switching    Leakage      Total
                          Power      Power      Power      Power (Watts)
----------------------------------------------------------------
Sequential             3.16e-04   8.09e-06   4.20e-09   3.24e-04  50.9%
Combinational          1.62e-05   3.04e-05   1.26e-08   4.66e-05   7.3%
Clock                  1.28e-04   1.38e-04   1.52e-08   2.67e-04  41.8%
Macro                  0.00e+00   0.00e+00   0.00e+00   0.00e+00   0.0%
Pad                    0.00e+00   0.00e+00   0.00e+00   0.00e+00   0.0%
----------------------------------------------------------------
Total                  4.61e-04   1.77e-04   3.20e-08   6.38e-04 100.0%
                          72.2%      27.8%       0.0%

======================= Slowest Corner ===================================

Group                  Internal  Switching    Leakage      Total
                          Power      Power      Power      Power (Watts)
----------------------------------------------------------------
Sequential             2.11e-04   5.37e-06   3.74e-06   2.20e-04  49.8%
Combinational          1.19e-05   2.02e-05   7.21e-06   3.93e-05   8.9%
Clock                  9.27e-05   8.91e-05   6.13e-07   1.82e-04  41.3%
Macro                  0.00e+00   0.00e+00   0.00e+00   0.00e+00   0.0%
Pad                    0.00e+00   0.00e+00   0.00e+00   0.00e+00   0.0%
----------------------------------------------------------------
Total                  3.15e-04   1.15e-04   1.16e-05   4.41e-04 100.0%
                          71.4%      26.0%       2.6%

======================= Typical Corner ===================================

Group                  Internal  Switching    Leakage      Total
                          Power      Power      Power      Power (Watts)
----------------------------------------------------------------
Sequential             2.72e-04   6.84e-06   2.20e-09   2.79e-04  50.9%
Combinational          1.46e-05   2.57e-05   7.41e-09   4.04e-05   7.4%
Clock                  1.13e-04   1.16e-04   1.37e-08   2.29e-04  41.8%
Macro                  0.00e+00   0.00e+00   0.00e+00   0.00e+00   0.0%
Pad                    0.00e+00   0.00e+00   0.00e+00   0.00e+00   0.0%
----------------------------------------------------------------
Total                  4.00e-04   1.49e-04   2.33e-08   5.49e-04 100.0%
                          72.8%      27.2%       0.0%

