
===========================================================================
report_checks -unconstrained
===========================================================================
======================= Fastest Corner ===================================

Startpoint: m_ready (input port clocked by clk)
Endpoint: _2389_ (rising edge-triggered flip-flop clocked by clk)
Path Group: clk
Path Type: max
Corner: Fastest

Fanout     Cap    Slew   Delay    Time   Description
-----------------------------------------------------------------------------
                          0.00    0.00   clock clk (rise edge)
                          0.00    0.00   clock network delay (propagated)
                          8.00    8.00 ^ input external delay
     1    0.00    0.02    0.01    8.01 ^ m_ready (in)
                                         m_ready (net)
                  0.02    0.00    8.01 ^ input76/A (sky130_fd_sc_hd__clkbuf_2)
     3    0.03    0.12    0.13    8.14 ^ input76/X (sky130_fd_sc_hd__clkbuf_2)
                                         net76 (net)
                  0.12    0.00    8.15 ^ _1068_/C (sky130_fd_sc_hd__nand3_2)
     4    0.02    0.10    0.10    8.24 v _1068_/Y (sky130_fd_sc_hd__nand3_2)
                                         _0747_ (net)
                  0.10    0.00    8.24 v _1069_/B (sky130_fd_sc_hd__nor2_2)
     4    0.03    0.25    0.23    8.47 ^ _1069_/Y (sky130_fd_sc_hd__nor2_2)
                                         _0748_ (net)
                  0.25    0.00    8.48 ^ _1070_/B (sky130_fd_sc_hd__nand2_4)
    10    0.05    0.10    0.10    8.58 v _1070_/Y (sky130_fd_sc_hd__nand2_4)
                                         _0749_ (net)
                  0.10    0.00    8.58 v _1071_/B (sky130_fd_sc_hd__nor2_1)
     4    0.02    0.28    0.26    8.84 ^ _1071_/Y (sky130_fd_sc_hd__nor2_1)
                                         _0750_ (net)
                  0.28    0.00    8.84 ^ _1697_/A (sky130_fd_sc_hd__and2_1)
     3    0.01    0.07    0.13    8.97 ^ _1697_/X (sky130_fd_sc_hd__and2_1)
                                         _0449_ (net)
                  0.07    0.00    8.97 ^ _1968_/A (sky130_fd_sc_hd__buf_2)
    10    0.04    0.16    0.17    9.14 ^ _1968_/X (sky130_fd_sc_hd__buf_2)
                                         _0612_ (net)
                  0.16    0.00    9.14 ^ _1995_/A (sky130_fd_sc_hd__clkbuf_4)
    10    0.05    0.12    0.19    9.33 ^ _1995_/X (sky130_fd_sc_hd__clkbuf_4)
                                         _0635_ (net)
                  0.12    0.00    9.34 ^ _2015_/A (sky130_fd_sc_hd__clkbuf_4)
    10    0.05    0.11    0.18    9.51 ^ _2015_/X (sky130_fd_sc_hd__clkbuf_4)
                                         _0652_ (net)
                  0.11    0.00    9.52 ^ _2067_/B1 (sky130_fd_sc_hd__o21ai_1)
     1    0.00    0.03    0.03    9.55 v _2067_/Y (sky130_fd_sc_hd__o21ai_1)
                                         _0694_ (net)
                  0.03    0.00    9.55 v _2069_/A (sky130_fd_sc_hd__and2_1)
     1    0.00    0.03    0.09    9.64 v _2069_/X (sky130_fd_sc_hd__and2_1)
                                         _0696_ (net)
                  0.03    0.00    9.64 v _2070_/A (sky130_fd_sc_hd__clkbuf_1)
     1    0.00    0.02    0.06    9.69 v _2070_/X (sky130_fd_sc_hd__clkbuf_1)
                                         _0257_ (net)
                  0.02    0.00    9.69 v _2389_/D (sky130_fd_sc_hd__dfxtp_1)
                                  9.69   data arrival time

                         40.00   40.00   clock clk (rise edge)
                          0.00   40.00   clock source latency
     2    0.05    0.18    0.12   40.12 ^ clk (in)
                                         clk (net)
                  0.18    0.00   40.12 ^ clkbuf_0_clk/A (sky130_fd_sc_hd__clkbuf_16)
     4    0.06    0.06    0.13   40.26 ^ clkbuf_0_clk/X (sky130_fd_sc_hd__clkbuf_16)
                                         clknet_0_clk (net)
                  0.06    0.00   40.26 ^ clkbuf_2_1__f_clk/A (sky130_fd_sc_hd__clkbuf_16)
     8    0.06    0.06    0.11   40.37 ^ clkbuf_2_1__f_clk/X (sky130_fd_sc_hd__clkbuf_16)
                                         clknet_2_1__leaf_clk (net)
                  0.06    0.00   40.37 ^ clkbuf_leaf_24_clk/A (sky130_fd_sc_hd__clkbuf_8)
    11    0.04    0.06    0.11   40.48 ^ clkbuf_leaf_24_clk/X (sky130_fd_sc_hd__clkbuf_8)
                                         clknet_leaf_24_clk (net)
                  0.06    0.00   40.48 ^ _2389_/CLK (sky130_fd_sc_hd__dfxtp_1)
                         -0.25   40.23   clock uncertainty
                          0.00   40.23   clock reconvergence pessimism
                         -0.06   40.16   library setup time
                                 40.16   data required time
-----------------------------------------------------------------------------
                                 40.16   data required time
                                 -9.69   data arrival time
-----------------------------------------------------------------------------
                                 30.47   slack (MET)



======================= Slowest Corner ===================================

Startpoint: address[3] (input port clocked by clk)
Endpoint: _2338_ (rising edge-triggered flip-flop clocked by clk)
Path Group: clk
Path Type: max
Corner: Slowest

Fanout     Cap    Slew   Delay    Time   Description
-----------------------------------------------------------------------------
                          0.00    0.00   clock clk (rise edge)
                          0.00    0.00   clock network delay (propagated)
                          8.00    8.00 v input external delay
     1    0.00    0.02    0.01    8.01 v address[3] (in)
                                         address[3] (net)
                  0.02    0.00    8.01 v input4/A (sky130_fd_sc_hd__clkbuf_2)
     2    0.03    0.19    0.29    8.30 v input4/X (sky130_fd_sc_hd__clkbuf_2)
                                         net4 (net)
                  0.19    0.00    8.31 v _1698_/A (sky130_fd_sc_hd__or4b_2)
     2    0.01    0.30    1.85   10.15 v _1698_/X (sky130_fd_sc_hd__or4b_2)
                                         _0450_ (net)
                  0.30    0.00   10.15 v _1710_/B (sky130_fd_sc_hd__nor2_2)
     7    0.04    0.67    0.67   10.82 ^ _1710_/Y (sky130_fd_sc_hd__nor2_2)
                                         _0460_ (net)
                  0.67    0.00   10.82 ^ _1848_/A (sky130_fd_sc_hd__buf_2)
    10    0.04    0.33    0.65   11.48 ^ _1848_/X (sky130_fd_sc_hd__buf_2)
                                         _0527_ (net)
                  0.33    0.00   11.48 ^ _1855_/A2 (sky130_fd_sc_hd__a221o_1)
     1    0.00    0.09    0.40   11.88 ^ _1855_/X (sky130_fd_sc_hd__a221o_1)
                                         _0533_ (net)
                  0.09    0.00   11.88 ^ _1856_/B2 (sky130_fd_sc_hd__o221a_1)
     1    0.00    0.09    0.37   12.24 ^ _1856_/X (sky130_fd_sc_hd__o221a_1)
                                         _0206_ (net)
                  0.09    0.00   12.24 ^ hold102/A (sky130_fd_sc_hd__dlygate4sd3_1)
     1    0.00    0.09    1.09   13.33 ^ hold102/X (sky130_fd_sc_hd__dlygate4sd3_1)
                                         net293 (net)
                  0.09    0.00   13.33 ^ _2338_/D (sky130_fd_sc_hd__dfxtp_2)
                                 13.33   data arrival time

                         40.00   40.00   clock clk (rise edge)
                          0.00   40.00   clock source latency
     2    0.05    0.39    0.26   40.26 ^ clk (in)
                                         clk (net)
                  0.39    0.00   40.26 ^ clkbuf_0_clk/A (sky130_fd_sc_hd__clkbuf_16)
     4    0.06    0.12    0.39   40.65 ^ clkbuf_0_clk/X (sky130_fd_sc_hd__clkbuf_16)
                                         clknet_0_clk (net)
                  0.12    0.00   40.65 ^ clkbuf_2_2__f_clk/A (sky130_fd_sc_hd__clkbuf_16)
     8    0.06    0.13    0.29   40.94 ^ clkbuf_2_2__f_clk/X (sky130_fd_sc_hd__clkbuf_16)
                                         clknet_2_2__leaf_clk (net)
                  0.13    0.00   40.94 ^ clkbuf_leaf_9_clk/A (sky130_fd_sc_hd__clkbuf_8)
     8    0.04    0.12    0.28   41.22 ^ clkbuf_leaf_9_clk/X (sky130_fd_sc_hd__clkbuf_8)
                                         clknet_leaf_9_clk (net)
                  0.12    0.00   41.22 ^ _2338_/CLK (sky130_fd_sc_hd__dfxtp_2)
                         -0.25   40.97   clock uncertainty
                          0.00   40.97   clock reconvergence pessimism
                         -0.14   40.83   library setup time
                                 40.83   data required time
-----------------------------------------------------------------------------
                                 40.83   data required time
                                -13.33   data arrival time
-----------------------------------------------------------------------------
                                 27.50   slack (MET)



======================= Typical Corner ===================================

Startpoint: m_ready (input port clocked by clk)
Endpoint: _2389_ (rising edge-triggered flip-flop clocked by clk)
Path Group: clk
Path Type: max
Corner: Typical

Fanout     Cap    Slew   Delay    Time   Description
-----------------------------------------------------------------------------
                          0.00    0.00   clock clk (rise edge)
                          0.00    0.00   clock network delay (propagated)
                          8.00    8.00 ^ input external delay
     1    0.00    0.02    0.01    8.01 ^ m_ready (in)
                                         m_ready (net)
                  0.02    0.00    8.01 ^ input76/A (sky130_fd_sc_hd__clkbuf_2)
     3    0.03    0.16    0.19    8.20 ^ input76/X (sky130_fd_sc_hd__clkbuf_2)
                                         net76 (net)
                  0.16    0.00    8.20 ^ _1068_/C (sky130_fd_sc_hd__nand3_2)
     4    0.02    0.15    0.17    8.37 v _1068_/Y (sky130_fd_sc_hd__nand3_2)
                                         _0747_ (net)
                  0.15    0.00    8.37 v _1069_/B (sky130_fd_sc_hd__nor2_2)
     4    0.03    0.35    0.34    8.71 ^ _1069_/Y (sky130_fd_sc_hd__nor2_2)
                                         _0748_ (net)
                  0.35    0.00    8.71 ^ _1070_/B (sky130_fd_sc_hd__nand2_4)
    10    0.05    0.15    0.19    8.90 v _1070_/Y (sky130_fd_sc_hd__nand2_4)
                                         _0749_ (net)
                  0.15    0.00    8.90 v _1071_/B (sky130_fd_sc_hd__nor2_1)
     4    0.02    0.40    0.37    9.27 ^ _1071_/Y (sky130_fd_sc_hd__nor2_1)
                                         _0750_ (net)
                  0.40    0.00    9.27 ^ _1697_/A (sky130_fd_sc_hd__and2_1)
     3    0.01    0.09    0.23    9.50 ^ _1697_/X (sky130_fd_sc_hd__and2_1)
                                         _0449_ (net)
                  0.09    0.00    9.50 ^ _1968_/A (sky130_fd_sc_hd__buf_2)
    10    0.04    0.20    0.25    9.75 ^ _1968_/X (sky130_fd_sc_hd__buf_2)
                                         _0612_ (net)
                  0.20    0.00    9.75 ^ _1995_/A (sky130_fd_sc_hd__clkbuf_4)
    10    0.05    0.15    0.28   10.04 ^ _1995_/X (sky130_fd_sc_hd__clkbuf_4)
                                         _0635_ (net)
                  0.15    0.00   10.04 ^ _2015_/A (sky130_fd_sc_hd__clkbuf_4)
    10    0.05    0.15    0.26   10.30 ^ _2015_/X (sky130_fd_sc_hd__clkbuf_4)
                                         _0652_ (net)
                  0.15    0.00   10.31 ^ _2067_/B1 (sky130_fd_sc_hd__o21ai_1)
     1    0.00    0.06    0.09   10.39 v _2067_/Y (sky130_fd_sc_hd__o21ai_1)
                                         _0694_ (net)
                  0.06    0.00   10.39 v _2069_/A (sky130_fd_sc_hd__and2_1)
     1    0.00    0.04    0.15   10.54 v _2069_/X (sky130_fd_sc_hd__and2_1)
                                         _0696_ (net)
                  0.04    0.00   10.54 v _2070_/A (sky130_fd_sc_hd__clkbuf_1)
     1    0.00    0.03    0.09   10.63 v _2070_/X (sky130_fd_sc_hd__clkbuf_1)
                                         _0257_ (net)
                  0.03    0.00   10.63 v _2389_/D (sky130_fd_sc_hd__dfxtp_1)
                                 10.63   data arrival time

                         40.00   40.00   clock clk (rise edge)
                          0.00   40.00   clock source latency
     2    0.05    0.25    0.16   40.16 ^ clk (in)
                                         clk (net)
                  0.25    0.00   40.16 ^ clkbuf_0_clk/A (sky130_fd_sc_hd__clkbuf_16)
     4    0.06    0.08    0.21   40.38 ^ clkbuf_0_clk/X (sky130_fd_sc_hd__clkbuf_16)
                                         clknet_0_clk (net)
                  0.08    0.00   40.38 ^ clkbuf_2_1__f_clk/A (sky130_fd_sc_hd__clkbuf_16)
     8    0.06    0.08    0.16   40.54 ^ clkbuf_2_1__f_clk/X (sky130_fd_sc_hd__clkbuf_16)
                                         clknet_2_1__leaf_clk (net)
                  0.08    0.00   40.54 ^ clkbuf_leaf_24_clk/A (sky130_fd_sc_hd__clkbuf_8)
    11    0.03    0.07    0.16   40.70 ^ clkbuf_leaf_24_clk/X (sky130_fd_sc_hd__clkbuf_8)
                                         clknet_leaf_24_clk (net)
                  0.07    0.00   40.70 ^ _2389_/CLK (sky130_fd_sc_hd__dfxtp_1)
                         -0.25   40.45   clock uncertainty
                          0.00   40.45   clock reconvergence pessimism
                         -0.10   40.35   library setup time
                                 40.35   data required time
-----------------------------------------------------------------------------
                                 40.35   data required time
                                -10.63   data arrival time
-----------------------------------------------------------------------------
                                 29.72   slack (MET)




===========================================================================
report_checks --slack_max -0.01
============================================================================
======================= Fastest Corner ===================================

No paths found.

======================= Slowest Corner ===================================

No paths found.

======================= Typical Corner ===================================

No paths found.


===========================================================================
 report_check_types -max_slew -max_cap -max_fanout -violators
============================================================================
======================= Fastest Corner ===================================

max fanout

Pin                                   Limit Fanout  Slack
---------------------------------------------------------
clkbuf_leaf_8_clk/X                      10     16     -6 (VIOLATED)
clkbuf_leaf_7_clk/X                      10     15     -5 (VIOLATED)
clkbuf_leaf_12_clk/X                     10     14     -4 (VIOLATED)
clkbuf_leaf_13_clk/X                     10     14     -4 (VIOLATED)
clkbuf_leaf_20_clk/X                     10     13     -3 (VIOLATED)
clkbuf_leaf_15_clk/X                     10     12     -2 (VIOLATED)
clkbuf_leaf_1_clk/X                      10     12     -2 (VIOLATED)
clkbuf_leaf_26_clk/X                     10     12     -2 (VIOLATED)
clkbuf_leaf_27_clk/X                     10     12     -2 (VIOLATED)
clkbuf_leaf_3_clk/X                      10     12     -2 (VIOLATED)
clkbuf_leaf_24_clk/X                     10     11        (VIOLATED)
clkbuf_leaf_5_clk/X                      10     11        (VIOLATED)
clkbuf_leaf_6_clk/X                      10     11        (VIOLATED)


max slew violations count Fastest: 0
max fanout violations count Fastest: 13
max cap violations count Fastest: 0
======================= Slowest Corner ===================================

max fanout

Pin                                   Limit Fanout  Slack
---------------------------------------------------------
clkbuf_leaf_8_clk/X                      10     16     -6 (VIOLATED)
clkbuf_leaf_7_clk/X                      10     15     -5 (VIOLATED)
clkbuf_leaf_12_clk/X                     10     14     -4 (VIOLATED)
clkbuf_leaf_13_clk/X                     10     14     -4 (VIOLATED)
clkbuf_leaf_20_clk/X                     10     13     -3 (VIOLATED)
clkbuf_leaf_15_clk/X                     10     12     -2 (VIOLATED)
clkbuf_leaf_1_clk/X                      10     12     -2 (VIOLATED)
clkbuf_leaf_26_clk/X                     10     12     -2 (VIOLATED)
clkbuf_leaf_27_clk/X                     10     12     -2 (VIOLATED)
clkbuf_leaf_3_clk/X                      10     12     -2 (VIOLATED)
clkbuf_leaf_24_clk/X                     10     11        (VIOLATED)
clkbuf_leaf_5_clk/X                      10     11        (VIOLATED)
clkbuf_leaf_6_clk/X                      10     11        (VIOLATED)


max slew violations count Slowest: 0
max fanout violations count Slowest: 13
max cap violations count Slowest: 0
======================= Typical Corner ===================================

max fanout

Pin                                   Limit Fanout  Slack
---------------------------------------------------------
clkbuf_leaf_8_clk/X                      10     16     -6 (VIOLATED)
clkbuf_leaf_7_clk/X                      10     15     -5 (VIOLATED)
clkbuf_leaf_12_clk/X                     10     14     -4 (VIOLATED)
clkbuf_leaf_13_clk/X                     10     14     -4 (VIOLATED)
clkbuf_leaf_20_clk/X                     10     13     -3 (VIOLATED)
clkbuf_leaf_15_clk/X                     10     12     -2 (VIOLATED)
clkbuf_leaf_1_clk/X                      10     12     -2 (VIOLATED)
clkbuf_leaf_26_clk/X                     10     12     -2 (VIOLATED)
clkbuf_leaf_27_clk/X                     10     12     -2 (VIOLATED)
clkbuf_leaf_3_clk/X                      10     12     -2 (VIOLATED)
clkbuf_leaf_24_clk/X                     10     11        (VIOLATED)
clkbuf_leaf_5_clk/X                      10     11        (VIOLATED)
clkbuf_leaf_6_clk/X                      10     11        (VIOLATED)


max slew violations count Typical: 0
max fanout violations count Typical: 13
max cap violations count Typical: 0

===========================================================================
report_parasitic_annotation -report_unannotated
============================================================================
Found 43 unannotated drivers.
 ui_in[0]
 ui_in[1]
 ui_in[2]
 ui_in[3]
 ui_in[4]
 ui_in[5]
 ui_in[6]
 ui_in[7]
 clkload0/X
 clkload1/Y
 clkload10/Y
 clkload11/Y
 clkload12/Y
 clkload13/Y
 clkload14/Y
 clkload15/Y
 clkload16/Y
 clkload17/Y
 clkload18/Y
 clkload19/Y
 clkload2/X
 clkload20/Y
 clkload21/Y
 clkload22/Y
 clkload23/X
 clkload24/Y
 clkload25/Y
 clkload26/Y
 clkload3/Y
 clkload4/Y
 clkload5/Y
 clkload6/Y
 clkload7/Y
 clkload8/Y
 clkload9/Y
 tqvp_dma_184/HI
 tqvp_dma_185/HI
 tqvp_dma_186/HI
 tqvp_dma_187/HI
 tqvp_dma_188/HI
 tqvp_dma_189/HI
 tqvp_dma_190/HI
 tqvp_dma_191/HI
Found 0 partially unannotated drivers.

===========================================================================
max slew violation count 0
max fanout violation count 13
max cap violation count 0
============================================================================

===========================================================================
check_setup -verbose -unconstrained_endpoints -multiple_clock -no_clock -no_input_delay -loops -generated_clocks
===========================================================================
Warning: There are 8 unconstrained endpoints.
  uo_out[0]
  uo_out[1]
  uo_out[2]
  uo_out[3]
  uo_out[4]
  uo_out[5]
  uo_out[6]
  uo_out[7]
